Archive member included because of file (symbol)

/Applications/Simplicity Studio.app/Contents/Eclipse/developer/toolchains/gnu_arm/4.9_2015q3/bin/../lib/gcc/arm-none-eabi/4.9.3/armv7-m/libgcc.a(_arm_addsubdf3.o)
                              ./mylib/bme280.o (__aeabi_dsub)
/Applications/Simplicity Studio.app/Contents/Eclipse/developer/toolchains/gnu_arm/4.9_2015q3/bin/../lib/gcc/arm-none-eabi/4.9.3/armv7-m/libgcc.a(_arm_muldivdf3.o)
                              ./mylib/bme280.o (__aeabi_dmul)
/Applications/Simplicity Studio.app/Contents/Eclipse/developer/toolchains/gnu_arm/4.9_2015q3/bin/../lib/gcc/arm-none-eabi/4.9.3/armv7-m/libgcc.a(_arm_cmpdf2.o)
                              ./mylib/bme280.o (__aeabi_dcmpeq)
/Applications/Simplicity Studio.app/Contents/Eclipse/developer/toolchains/gnu_arm/4.9_2015q3/bin/../lib/gcc/arm-none-eabi/4.9.3/armv7-m/libgcc.a(_arm_fixdfsi.o)
                              ./mylib/bme280.o (__aeabi_d2iz)
/Applications/Simplicity Studio.app/Contents/Eclipse/developer/toolchains/gnu_arm/4.9_2015q3/bin/../lib/gcc/arm-none-eabi/4.9.3/armv7-m/libgcc.a(_aeabi_uldivmod.o)
                              ./emdrv/src/rtcdriver.o (__aeabi_uldivmod)
/Applications/Simplicity Studio.app/Contents/Eclipse/developer/toolchains/gnu_arm/4.9_2015q3/bin/../lib/gcc/arm-none-eabi/4.9.3/armv7-m/libgcc.a(bpabi.o)
                              /Applications/Simplicity Studio.app/Contents/Eclipse/developer/toolchains/gnu_arm/4.9_2015q3/bin/../lib/gcc/arm-none-eabi/4.9.3/armv7-m/libgcc.a(_aeabi_uldivmod.o) (__gnu_uldivmod_helper)
/Applications/Simplicity Studio.app/Contents/Eclipse/developer/toolchains/gnu_arm/4.9_2015q3/bin/../lib/gcc/arm-none-eabi/4.9.3/armv7-m/libgcc.a(_dvmd_tls.o)
                              /Applications/Simplicity Studio.app/Contents/Eclipse/developer/toolchains/gnu_arm/4.9_2015q3/bin/../lib/gcc/arm-none-eabi/4.9.3/armv7-m/libgcc.a(_aeabi_uldivmod.o) (__aeabi_ldiv0)
/Applications/Simplicity Studio.app/Contents/Eclipse/developer/toolchains/gnu_arm/4.9_2015q3/bin/../lib/gcc/arm-none-eabi/4.9.3/armv7-m/libgcc.a(_divdi3.o)
                              /Applications/Simplicity Studio.app/Contents/Eclipse/developer/toolchains/gnu_arm/4.9_2015q3/bin/../lib/gcc/arm-none-eabi/4.9.3/armv7-m/libgcc.a(bpabi.o) (__divdi3)
/Applications/Simplicity Studio.app/Contents/Eclipse/developer/toolchains/gnu_arm/4.9_2015q3/bin/../lib/gcc/arm-none-eabi/4.9.3/armv7-m/libgcc.a(_udivdi3.o)
                              /Applications/Simplicity Studio.app/Contents/Eclipse/developer/toolchains/gnu_arm/4.9_2015q3/bin/../lib/gcc/arm-none-eabi/4.9.3/armv7-m/libgcc.a(bpabi.o) (__udivdi3)
/Applications/Simplicity Studio.app/Contents/Eclipse/developer/toolchains/gnu_arm/4.9_2015q3/bin/../lib/gcc/arm-none-eabi/4.9.3/../../../../arm-none-eabi/lib/armv7-m/libc_nano.a(lib_a-exit.o)
                              /Applications/Simplicity Studio.app/Contents/Eclipse/developer/toolchains/gnu_arm/4.9_2015q3/bin/../lib/gcc/arm-none-eabi/4.9.3/../../../../arm-none-eabi/lib/armv7-m/crt0.o (exit)
/Applications/Simplicity Studio.app/Contents/Eclipse/developer/toolchains/gnu_arm/4.9_2015q3/bin/../lib/gcc/arm-none-eabi/4.9.3/../../../../arm-none-eabi/lib/armv7-m/libc_nano.a(lib_a-impure.o)
                              /Applications/Simplicity Studio.app/Contents/Eclipse/developer/toolchains/gnu_arm/4.9_2015q3/bin/../lib/gcc/arm-none-eabi/4.9.3/../../../../arm-none-eabi/lib/armv7-m/libc_nano.a(lib_a-exit.o) (_global_impure_ptr)
/Applications/Simplicity Studio.app/Contents/Eclipse/developer/toolchains/gnu_arm/4.9_2015q3/bin/../lib/gcc/arm-none-eabi/4.9.3/../../../../arm-none-eabi/lib/armv7-m/libc_nano.a(lib_a-init.o)
                              /Applications/Simplicity Studio.app/Contents/Eclipse/developer/toolchains/gnu_arm/4.9_2015q3/bin/../lib/gcc/arm-none-eabi/4.9.3/../../../../arm-none-eabi/lib/armv7-m/crt0.o (__libc_init_array)
/Applications/Simplicity Studio.app/Contents/Eclipse/developer/toolchains/gnu_arm/4.9_2015q3/bin/../lib/gcc/arm-none-eabi/4.9.3/../../../../arm-none-eabi/lib/armv7-m/libc_nano.a(lib_a-memset.o)
                              /Applications/Simplicity Studio.app/Contents/Eclipse/developer/toolchains/gnu_arm/4.9_2015q3/bin/../lib/gcc/arm-none-eabi/4.9.3/../../../../arm-none-eabi/lib/armv7-m/crt0.o (memset)
/Applications/Simplicity Studio.app/Contents/Eclipse/developer/toolchains/gnu_arm/4.9_2015q3/bin/../lib/gcc/arm-none-eabi/4.9.3/../../../../arm-none-eabi/lib/armv7-m/libnosys.a(_exit.o)
                              /Applications/Simplicity Studio.app/Contents/Eclipse/developer/toolchains/gnu_arm/4.9_2015q3/bin/../lib/gcc/arm-none-eabi/4.9.3/../../../../arm-none-eabi/lib/armv7-m/libc_nano.a(lib_a-exit.o) (_exit)

Allocating common symbols
Common symbol       size              file

SystemCoreClock     0x4               ./CMSIS/EFM32LG/system_efm32lg.o
dmaControlBlock     0x200             ./src/dmactrl.o
bme280              0x20              ./src/LG_task.o
[...]
Memory Configuration

Name             Origin             Length             Attributes
FLASH            0x0000000000000000 0x0000000000040000 xr
RAM              0x0000000020000000 0x0000000000008000 xrw
*default*        0x0000000000000000 0xffffffffffffffff

Linker script and memory map

LOAD /Applications/Simplicity Studio.app/Contents/Eclipse/developer/toolchains/gnu_arm/4.9_2015q3/bin/../lib/gcc/arm-none-eabi/4.9.3/armv7-m/crti.o
LOAD /Applications/Simplicity Studio.app/Contents/Eclipse/developer/toolchains/gnu_arm/4.9_2015q3/bin/../lib/gcc/arm-none-eabi/4.9.3/armv7-m/crtbegin.o
LOAD /Applications/Simplicity Studio.app/Contents/Eclipse/developer/toolchains/gnu_arm/4.9_2015q3/bin/../lib/gcc/arm-none-eabi/4.9.3/../../../../arm-none-eabi/lib/armv7-m/crt0.o
LOAD ./CMSIS/EFM32LG/startup_gcc_efm32lg.o
LOAD ./CMSIS/EFM32LG/system_efm32lg.o
LOAD ./emdrv/src/rtcdriver.o
LOAD ./emlib/em_acmp.o
LOAD ./emlib/em_adc.o
LOAD ./emlib/em_aes.o
LOAD ./emlib/em_assert.o
LOAD ./emlib/em_burtc.o
LOAD ./emlib/em_cmu.o
LOAD ./emlib/em_core.o
LOAD ./emlib/em_cryotimer.o
LOAD ./emlib/em_crypto.o
LOAD ./emlib/em_dac.o
LOAD ./emlib/em_dbg.o
LOAD ./emlib/em_dma.o
LOAD ./emlib/em_ebi.o
LOAD ./emlib/em_emu.o
LOAD ./emlib/em_gpcrc.o
LOAD ./emlib/em_gpio.o
LOAD ./emlib/em_i2c.o
LOAD ./emlib/em_idac.o
LOAD ./emlib/em_int.o
LOAD ./emlib/em_lcd.o
LOAD ./emlib/em_ldma.o
LOAD ./emlib/em_lesense.o
LOAD ./emlib/em_letimer.o
LOAD ./emlib/em_leuart.o
LOAD ./emlib/em_mpu.o
LOAD ./emlib/em_msc.o
LOAD ./emlib/em_opamp.o
LOAD ./emlib/em_pcnt.o
LOAD ./emlib/em_prs.o
LOAD ./emlib/em_rmu.o
LOAD ./emlib/em_rtc.o
LOAD ./emlib/em_rtcc.o
LOAD ./emlib/em_system.o
LOAD ./emlib/em_timer.o
LOAD ./emlib/em_usart.o
LOAD ./emlib/em_vcmp.o
LOAD ./emlib/em_wdog.o
LOAD ./mylib/LG_cmu.o
LOAD ./mylib/LG_i2c.o
LOAD ./mylib/LG_letimer.o
LOAD ./mylib/LG_sleep.o
LOAD ./mylib/bme280.o
LOAD ./mylib/board_led.o
LOAD ./src/LG_task.o
LOAD ./src/dmactrl.o
LOAD ./src/main.o
START GROUP
LOAD /Applications/Simplicity Studio.app/Contents/Eclipse/developer/toolchains/gnu_arm/4.9_2015q3/bin/../lib/gcc/arm-none-eabi/4.9.3/armv7-m/libgcc.a
LOAD /Applications/Simplicity Studio.app/Contents/Eclipse/developer/toolchains/gnu_arm/4.9_2015q3/bin/../lib/gcc/arm-none-eabi/4.9.3/../../../../arm-none-eabi/lib/armv7-m/libc_nano.a
LOAD /Applications/Simplicity Studio.app/Contents/Eclipse/developer/toolchains/gnu_arm/4.9_2015q3/bin/../lib/gcc/arm-none-eabi/4.9.3/../../../../arm-none-eabi/lib/armv7-m/libnosys.a
END GROUP
START GROUP
LOAD /Applications/Simplicity Studio.app/Contents/Eclipse/developer/toolchains/gnu_arm/4.9_2015q3/bin/../lib/gcc/arm-none-eabi/4.9.3/armv7-m/libgcc.a
LOAD /Applications/Simplicity Studio.app/Contents/Eclipse/developer/toolchains/gnu_arm/4.9_2015q3/bin/../lib/gcc/arm-none-eabi/4.9.3/../../../../arm-none-eabi/lib/armv7-m/libg_nano.a
LOAD /Applications/Simplicity Studio.app/Contents/Eclipse/developer/toolchains/gnu_arm/4.9_2015q3/bin/../lib/gcc/arm-none-eabi/4.9.3/../../../../arm-none-eabi/lib/armv7-m/libc_nano.a
END GROUP
START GROUP
LOAD /Applications/Simplicity Studio.app/Contents/Eclipse/developer/toolchains/gnu_arm/4.9_2015q3/bin/../lib/gcc/arm-none-eabi/4.9.3/armv7-m/libgcc.a
LOAD /Applications/Simplicity Studio.app/Contents/Eclipse/developer/toolchains/gnu_arm/4.9_2015q3/bin/../lib/gcc/arm-none-eabi/4.9.3/../../../../arm-none-eabi/lib/armv7-m/libc_nano.a
END GROUP
LOAD /Applications/Simplicity Studio.app/Contents/Eclipse/developer/toolchains/gnu_arm/4.9_2015q3/bin/../lib/gcc/arm-none-eabi/4.9.3/armv7-m/crtend.o
LOAD /Applications/Simplicity Studio.app/Contents/Eclipse/developer/toolchains/gnu_arm/4.9_2015q3/bin/../lib/gcc/arm-none-eabi/4.9.3/armv7-m/crtn.o

.text           0x0000000000000000     0x47d4
 *(.vectors)
 .vectors       0x0000000000000000       0xe0 ./CMSIS/EFM32LG/startup_gcc_efm32lg.o
                0x0000000000000000                __Vectors
                0x00000000000000e0                __Vectors_End = .
                0x00000000000000e0                __Vectors_Size = (__Vectors_End - __Vectors)
                0x00000000000000e0                __end__ = .
 *(.text*)
 .text          0x00000000000000e0       0x5c /Applications/Simplicity Studio.app/Contents/Eclipse/developer/toolchains/gnu_arm/4.9_2015q3/bin/../lib/gcc/arm-none-eabi/4.9.3/armv7-m/crtbegin.o
 .text          0x000000000000013c       0x74 /Applications/Simplicity Studio.app/Contents/Eclipse/developer/toolchains/gnu_arm/4.9_2015q3/bin/../lib/gcc/arm-none-eabi/4.9.3/../../../../arm-none-eabi/lib/armv7-m/crt0.o
                0x000000000000013c                _mainCRTStartup
                0x000000000000013c                _start
 .text          0x00000000000001b0       0x30 ./CMSIS/EFM32LG/startup_gcc_efm32lg.o
                0x00000000000001b0                Reset_Handler
                0x00000000000001dc                DebugMon_Handler
                0x00000000000001dc                USART0_TX_IRQHandler
                0x00000000000001dc                I2C0_IRQHandler
                0x00000000000001dc                HardFault_Handler
                0x00000000000001dc                LEUART1_IRQHandler
                0x00000000000001dc                SysTick_Handler
                0x00000000000001dc                USART1_RX_IRQHandler
                0x00000000000001dc                PendSV_Handler
                0x00000000000001dc                NMI_Handler
                0x00000000000001dc                I2C1_IRQHandler
                0x00000000000001dc                TIMER3_IRQHandler
                0x00000000000001dc                USART1_TX_IRQHandler
                0x00000000000001dc                MSC_IRQHandler
                0x00000000000001dc                ADC0_IRQHandler
                0x00000000000001dc                UsageFault_Handler
                0x00000000000001dc                LEUART0_IRQHandler
                0x00000000000001dc                GPIO_EVEN_IRQHandler
                0x00000000000001dc                UART0_TX_IRQHandler
                0x00000000000001dc                UART1_TX_IRQHandler
                0x00000000000001dc                TIMER0_IRQHandler
                0x00000000000001dc                LCD_IRQHandler
                0x00000000000001dc                PCNT2_IRQHandler
                0x00000000000001dc                UART0_RX_IRQHandler
                0x00000000000001dc                TIMER1_IRQHandler
                0x00000000000001dc                USART2_RX_IRQHandler
                0x00000000000001dc                Default_Handler
                0x00000000000001dc                EMU_IRQHandler
                0x00000000000001dc                PCNT0_IRQHandler
                0x00000000000001dc                USB_IRQHandler
                0x00000000000001dc                BURTC_IRQHandler
                0x00000000000001dc                PCNT1_IRQHandler
                0x00000000000001dc                ACMP0_IRQHandler
                0x00000000000001dc                USART0_RX_IRQHandler
                0x00000000000001dc                MemManage_Handler
                0x00000000000001dc                SVC_Handler
                0x00000000000001dc                DAC0_IRQHandler
                0x00000000000001dc                UART1_RX_IRQHandler
                0x00000000000001dc                CMU_IRQHandler
                0x00000000000001dc                EBI_IRQHandler
                0x00000000000001dc                LESENSE_IRQHandler
                0x00000000000001dc                GPIO_ODD_IRQHandler
                0x00000000000001dc                AES_IRQHandler
                0x00000000000001dc                VCMP_IRQHandler
                0x00000000000001dc                BusFault_Handler
                0x00000000000001dc                TIMER2_IRQHandler
                0x00000000000001dc                USART2_TX_IRQHandler
 .text.GetProdRev
                0x00000000000001e0       0x1c ./CMSIS/EFM32LG/system_efm32lg.o
 .text.SystemCoreClockGet
                0x00000000000001fc       0x34 ./CMSIS/EFM32LG/system_efm32lg.o
                0x00000000000001fc                SystemCoreClockGet
 .text.SystemMaxCoreClockGet
                0x0000000000000230       0x14 ./CMSIS/EFM32LG/system_efm32lg.o
                0x0000000000000230                SystemMaxCoreClockGet
 .text.SystemHFClockGet
                0x0000000000000244      0x100 ./CMSIS/EFM32LG/system_efm32lg.o
                0x0000000000000244                SystemHFClockGet
 .text.SystemHFXOClockGet
                0x0000000000000344       0x18 ./CMSIS/EFM32LG/system_efm32lg.o
                0x0000000000000344                SystemHFXOClockGet
 .text.SystemInit
                0x000000000000035c        0xc ./CMSIS/EFM32LG/system_efm32lg.o
                0x000000000000035c                SystemInit
 .text.SystemLFRCOClockGet
                0x0000000000000368       0x14 ./CMSIS/EFM32LG/system_efm32lg.o
                0x0000000000000368                SystemLFRCOClockGet
 .text.SystemULFRCOClockGet
                0x000000000000037c       0x14 ./CMSIS/EFM32LG/system_efm32lg.o
                0x000000000000037c                SystemULFRCOClockGet
 .text.SystemLFXOClockGet
                0x0000000000000390       0x18 ./CMSIS/EFM32LG/system_efm32lg.o
                0x0000000000000390                SystemLFXOClockGet
 .text.NVIC_EnableIRQ
                0x00000000000003a8       0x30 ./emdrv/src/rtcdriver.o
 .text.NVIC_ClearPendingIRQ
                0x00000000000003d8       0x34 ./emdrv/src/rtcdriver.o
 .text.RTC_CounterGet
                0x000000000000040c       0x18 ./emdrv/src/rtcdriver.o
 .text.RTC_IntClear
                0x0000000000000424       0x1c ./emdrv/src/rtcdriver.o
 .text.RTC_IntDisable
                0x0000000000000440       0x24 ./emdrv/src/rtcdriver.o
 .text.RTC_IntEnable
                0x0000000000000464       0x24 ./emdrv/src/rtcdriver.o
 .text.RTC_IntGetEnabled
                0x0000000000000488       0x24 ./emdrv/src/rtcdriver.o
 .text.RTCDRV_AllocateTimer
                0x00000000000004ac       0x8c ./emdrv/src/rtcdriver.o
                0x00000000000004ac                RTCDRV_AllocateTimer
 .text.RTCDRV_Init
                0x0000000000000538       0xa0 ./emdrv/src/rtcdriver.o
                0x0000000000000538                RTCDRV_Init
 .text.RTCDRV_StartTimer
                0x00000000000005d8      0x350 ./emdrv/src/rtcdriver.o
                0x00000000000005d8                RTCDRV_StartTimer
 .text.RTC_IRQHandler
                0x0000000000000928       0xb4 ./emdrv/src/rtcdriver.o
                0x0000000000000928                RTC_IRQHandler
 .text.checkAllTimers
                0x00000000000009dc      0x2a8 ./emdrv/src/rtcdriver.o
 .text.executeTimerCallbacks
                0x0000000000000c84       0x64 ./emdrv/src/rtcdriver.o
 .text.rescheduleRtc
                0x0000000000000ce8      0x10c ./emdrv/src/rtcdriver.o
 .text.BUS_RegBitWrite
                0x0000000000000df4       0x2c ./emlib/em_cmu.o
 .text.BUS_RegBitRead
                0x0000000000000e20       0x2c ./emlib/em_cmu.o
 .text.CMU_DivToLog2
                0x0000000000000e4c       0x34 ./emlib/em_cmu.o
 .text.SYSTEM_GetProdRev
                0x0000000000000e80       0x1c ./emlib/em_cmu.o
 .text.SYSTEM_GetFamily
                0x0000000000000e9c       0x20 ./emlib/em_cmu.o
 .text.maxFreqHfle
                0x0000000000000ebc       0x78 ./emlib/em_cmu.o
 .text.setHfLeConfig
                0x0000000000000f34       0x3c ./emlib/em_cmu.o
 .text.getHfLeConfig
                0x0000000000000f70       0x2c ./emlib/em_cmu.o
 .text.auxClkGet
                0x0000000000000f9c       0xb0 ./emlib/em_cmu.o
 .text.dbgClkGet
                0x000000000000104c       0x40 ./emlib/em_cmu.o
 .text.flashWaitStateControl
                0x000000000000108c       0xb8 ./emlib/em_cmu.o
 .text.flashWaitStateMax
                0x0000000000001144       0x14 ./emlib/em_cmu.o
 .text.lfClkGet
                0x0000000000001158       0xec ./emlib/em_cmu.o
 .text.syncReg  0x0000000000001244       0x34 ./emlib/em_cmu.o
 .text.usbCClkGet
                0x0000000000001278       0x4c ./emlib/em_cmu.o
 .text.CMU_ClockDivSet
                0x00000000000012c4      0x230 ./emlib/em_cmu.o
                0x00000000000012c4                CMU_ClockDivSet
 .text.CMU_ClockEnable
                0x00000000000014f4       0xd8 ./emlib/em_cmu.o
                0x00000000000014f4                CMU_ClockEnable
 .text.CMU_ClockFreqGet
                0x00000000000015cc      0x1d8 ./emlib/em_cmu.o
                0x00000000000015cc                CMU_ClockFreqGet
 .text.CMU_ClockSelectGet
                0x00000000000017a4      0x15c ./emlib/em_cmu.o
                0x00000000000017a4                CMU_ClockSelectGet
 .text.CMU_ClockSelectSet
                0x0000000000001900      0x2b8 ./emlib/em_cmu.o
                0x0000000000001900                CMU_ClockSelectSet
 .text.CMU_OscillatorEnable
                0x0000000000001bb8       0xc0 ./emlib/em_cmu.o
                0x0000000000001bb8                CMU_OscillatorEnable
 .text.CORE_CriticalDisableIrq
                0x0000000000001c78       0x10 ./emlib/em_core.o
                0x0000000000001c78                CORE_CriticalDisableIrq
 .text.CORE_CriticalEnableIrq
                0x0000000000001c88       0x10 ./emlib/em_core.o
                0x0000000000001c88                CORE_CriticalEnableIrq
 .text.CORE_EnterAtomic
                0x0000000000001c98       0x20 ./emlib/em_core.o
                0x0000000000001c98                CORE_EnterAtomic
 .text.CORE_ExitAtomic
                0x0000000000001cb8       0x1c ./emlib/em_core.o
                0x0000000000001cb8                CORE_ExitAtomic
 .text.DMA_IRQHandler
                0x0000000000001cd4       0xd8 ./emlib/em_dma.o
                0x0000000000001cd4                DMA_IRQHandler
 .text.SystemCoreClockUpdate
                0x0000000000001dac        0xc ./emlib/em_emu.o
 .text.CMU_Lock
                0x0000000000001db8       0x18 ./emlib/em_emu.o
 .text.CMU_Unlock
                0x0000000000001dd0       0x1c ./emlib/em_emu.o
 .text.emuRestore
                0x0000000000001dec       0xf0 ./emlib/em_emu.o
 .text.getErrataFixEmuE107En
                0x0000000000001edc       0x64 ./emlib/em_emu.o
 .text.EMU_EnterEM2
                0x0000000000001f40       0x9c ./emlib/em_emu.o
                0x0000000000001f40                EMU_EnterEM2
 .text.EMU_EnterEM3
                0x0000000000001fdc       0xbc ./emlib/em_emu.o
                0x0000000000001fdc                EMU_EnterEM3
 .text.EMU_UpdateOscConfig
                0x0000000000002098       0x1c ./emlib/em_emu.o
                0x0000000000002098                EMU_UpdateOscConfig
 .text.GPIO_PinOutClear
                0x00000000000020b4       0x58 ./emlib/em_gpio.o
 .text.GPIO_PinOutSet
                0x000000000000210c       0x58 ./emlib/em_gpio.o
 .text.GPIO_PinModeSet
                0x0000000000002164      0x10c ./emlib/em_gpio.o
                0x0000000000002164                GPIO_PinModeSet
 .text.BUS_RegBitWrite
                0x0000000000002270       0x2c ./emlib/em_i2c.o
 .text.BUS_RegMaskedWrite
                0x000000000000229c       0x28 ./emlib/em_i2c.o
 .text.I2C_BusFreqSet
                0x00000000000022c4       0xfc ./emlib/em_i2c.o
                0x00000000000022c4                I2C_BusFreqSet
 .text.I2C_Enable
                0x00000000000023c0       0x3c ./emlib/em_i2c.o
                0x00000000000023c0                I2C_Enable
 .text.I2C_Init
                0x00000000000023fc       0x78 ./emlib/em_i2c.o
                0x00000000000023fc                I2C_Init
 .text.LETIMER_CompareSet
                0x0000000000002474       0x58 ./emlib/em_letimer.o
                0x0000000000002474                LETIMER_CompareSet
 .text.LETIMER_Enable
                0x00000000000024cc       0x2c ./emlib/em_letimer.o
                0x00000000000024cc                LETIMER_Enable
 .text.LETIMER_Init
                0x00000000000024f8       0xf0 ./emlib/em_letimer.o
                0x00000000000024f8                LETIMER_Init
 .text.BUS_RegBitWrite
                0x00000000000025e8       0x2c ./emlib/em_rtc.o
 .text.RTC_CompareGet
                0x0000000000002614       0x3c ./emlib/em_rtc.o
                0x0000000000002614                RTC_CompareGet
 .text.RTC_CompareSet
                0x0000000000002650       0x4c ./emlib/em_rtc.o
                0x0000000000002650                RTC_CompareSet
 .text.RTC_Enable
                0x000000000000269c       0x20 ./emlib/em_rtc.o
                0x000000000000269c                RTC_Enable
 .text.RTC_Init
                0x00000000000026bc       0x50 ./emlib/em_rtc.o
                0x00000000000026bc                RTC_Init
 .text.RTC_CounterReset
                0x000000000000270c       0x14 ./emlib/em_rtc.o
                0x000000000000270c                RTC_CounterReset
 .text.SYSTEM_ChipRevisionGet
                0x0000000000002720       0x74 ./emlib/em_system.o
                0x0000000000002720                SYSTEM_ChipRevisionGet
 .text.cmu_Setup
                0x0000000000002794       0x44 ./mylib/LG_cmu.o
                0x0000000000002794                cmu_Setup
 .text.i2c_Setup
                0x00000000000027d8       0x64 ./mylib/LG_i2c.o
                0x00000000000027d8                i2c_Setup
 .text.NVIC_EnableIRQ
                0x000000000000283c       0x30 ./mylib/LG_letimer.o
 .text.LETIMER_IntClear
                0x000000000000286c       0x1c ./mylib/LG_letimer.o
 .text.LETIMER_IntEnable
                0x0000000000002888       0x20 ./mylib/LG_letimer.o
 .text.calculate_LETIMER_LFXOPrescaler
                0x00000000000028a8       0x54 ./mylib/LG_letimer.o
                0x00000000000028a8                calculate_LETIMER_LFXOPrescaler
 .text.letimer_Setup
                0x00000000000028fc       0xb8 ./mylib/LG_letimer.o
                0x00000000000028fc                letimer_Setup
 .text.EMU_EnterEM1
                0x00000000000029b4       0x20 ./mylib/LG_sleep.o
 .text.blockSleepMode
                0x00000000000029d4       0x30 ./mylib/LG_sleep.o
                0x00000000000029d4                blockSleepMode
 .text.sleep    0x0000000000002a04       0x48 ./mylib/LG_sleep.o
                0x0000000000002a04                sleep
 .text.GPIO_PinOutClear
                0x0000000000002a4c       0x58 ./mylib/bme280.o
 .text.GPIO_PinOutSet
                0x0000000000002aa4       0x58 ./mylib/bme280.o
 .text.bme280_enable
                0x0000000000002afc       0x60 ./mylib/bme280.o
                0x0000000000002afc                bme280_enable
 .text.bme280_init
                0x0000000000002b5c       0x54 ./mylib/bme280.o
                0x0000000000002b5c                bme280_init
 .text.bme280_get_calib_param
                0x0000000000002bb0      0x188 ./mylib/bme280.o
                0x0000000000002bb0                bme280_get_calib_param
 .text.bme280_set_osrs_t
                0x0000000000002d38       0x80 ./mylib/bme280.o
                0x0000000000002d38                bme280_set_osrs_t
 .text.bme280_set_osrs_p
                0x0000000000002db8       0x84 ./mylib/bme280.o
                0x0000000000002db8                bme280_set_osrs_p
 .text.bme280_get_forced_uput
                0x0000000000002e3c       0x8c ./mylib/bme280.o
                0x0000000000002e3c                bme280_get_forced_uput
 .text.bme280_compute_wait_time
                0x0000000000002ec8       0x70 ./mylib/bme280.o
                0x0000000000002ec8                bme280_compute_wait_time
 .text.bme280_read_uput
                0x0000000000002f38       0x80 ./mylib/bme280.o
                0x0000000000002f38                bme280_read_uput
 .text.bme280_compensate_T_double
                0x0000000000002fb8      0x1e4 ./mylib/bme280.o
                0x0000000000002fb8                bme280_compensate_T_double
 *fill*         0x000000000000319c        0x4 
 .text.bme280_compensate_P_double
                0x00000000000031a0      0x3b0 ./mylib/bme280.o
                0x00000000000031a0                bme280_compensate_P_double
 .text.BME280_I2CWriteByte
                0x0000000000003550       0x84 ./mylib/bme280.o
                0x0000000000003550                BME280_I2CWriteByte
 .text.BME280_I2CRead
                0x00000000000035d4       0xd0 ./mylib/bme280.o
                0x00000000000035d4                BME280_I2CRead
 .text.bme280_RTCCallback
                0x00000000000036a4       0x40 ./mylib/bme280.o
                0x00000000000036a4                bme280_RTCCallback
 .text.LED_Init
                0x00000000000036e4       0x20 ./mylib/board_led.o
                0x00000000000036e4                LED_Init
 .text.GPIO_PinOutSet
                0x0000000000003704       0x58 ./src/LG_task.o
 .text.LETIMER_IntClear
                0x000000000000375c       0x1c ./src/LG_task.o
 .text.LETIMER_IntGet
                0x0000000000003778       0x18 ./src/LG_task.o
 .text.LG_systemInit
                0x0000000000003790       0x38 ./src/LG_task.o
                0x0000000000003790                LG_systemInit
 .text.LETIMER0_IRQHandler
                0x00000000000037c8       0x50 ./src/LG_task.o
                0x00000000000037c8                LETIMER0_IRQHandler
 .text.CHIP_Init
                0x0000000000003818       0x40 ./src/main.o
 .text.main     0x0000000000003858       0x14 ./src/main.o
                0x0000000000003858                main
 .text          0x000000000000386c      0x370 /Applications/Simplicity Studio.app/Contents/Eclipse/developer/toolchains/gnu_arm/4.9_2015q3/bin/../lib/gcc/arm-none-eabi/4.9.3/armv7-m/libgcc.a(_arm_addsubdf3.o)
                0x000000000000386c                __aeabi_drsub
                0x0000000000003874                __subdf3
                0x0000000000003874                __aeabi_dsub
                0x0000000000003878                __aeabi_dadd
                0x0000000000003878                __adddf3
                0x0000000000003af0                __aeabi_ui2d
                0x0000000000003af0                __floatunsidf
                0x0000000000003b10                __floatsidf
                0x0000000000003b10                __aeabi_i2d
                0x0000000000003b34                __extendsfdf2
                0x0000000000003b34                __aeabi_f2d
                0x0000000000003b70                __aeabi_ul2d
                0x0000000000003b70                __floatundidf
                0x0000000000003b80                __aeabi_l2d
                0x0000000000003b80                __floatdidf
 .text          0x0000000000003bdc      0x424 /Applications/Simplicity Studio.app/Contents/Eclipse/developer/toolchains/gnu_arm/4.9_2015q3/bin/../lib/gcc/arm-none-eabi/4.9.3/armv7-m/libgcc.a(_arm_muldivdf3.o)
                0x0000000000003bdc                __aeabi_dmul
                0x0000000000003bdc                __muldf3
                0x0000000000003e30                __aeabi_ddiv
                0x0000000000003e30                __divdf3
 .text          0x0000000000004000      0x110 /Applications/Simplicity Studio.app/Contents/Eclipse/developer/toolchains/gnu_arm/4.9_2015q3/bin/../lib/gcc/arm-none-eabi/4.9.3/armv7-m/libgcc.a(_arm_cmpdf2.o)
                0x0000000000004000                __gtdf2
                0x0000000000004000                __gedf2
                0x0000000000004008                __ltdf2
                0x0000000000004008                __ledf2
                0x0000000000004010                __eqdf2
                0x0000000000004010                __nedf2
                0x0000000000004010                __cmpdf2
                0x000000000000408c                __aeabi_cdrcmple
                0x000000000000409c                __aeabi_cdcmple
                0x000000000000409c                __aeabi_cdcmpeq
                0x00000000000040ac                __aeabi_dcmpeq
                0x00000000000040c0                __aeabi_dcmplt
                0x00000000000040d4                __aeabi_dcmple
                0x00000000000040e8                __aeabi_dcmpge
                0x00000000000040fc                __aeabi_dcmpgt
 .text          0x0000000000004110       0x50 /Applications/Simplicity Studio.app/Contents/Eclipse/developer/toolchains/gnu_arm/4.9_2015q3/bin/../lib/gcc/arm-none-eabi/4.9.3/armv7-m/libgcc.a(_arm_fixdfsi.o)
                0x0000000000004110                __fixdfsi
                0x0000000000004110                __aeabi_d2iz
 .text          0x0000000000004160       0x30 /Applications/Simplicity Studio.app/Contents/Eclipse/developer/toolchains/gnu_arm/4.9_2015q3/bin/../lib/gcc/arm-none-eabi/4.9.3/armv7-m/libgcc.a(_aeabi_uldivmod.o)
                0x0000000000004160                __aeabi_uldivmod
 .text          0x0000000000004190       0x60 /Applications/Simplicity Studio.app/Contents/Eclipse/developer/toolchains/gnu_arm/4.9_2015q3/bin/../lib/gcc/arm-none-eabi/4.9.3/armv7-m/libgcc.a(bpabi.o)
                0x0000000000004190                __gnu_ldivmod_helper
                0x00000000000041c0                __gnu_uldivmod_helper
 .text          0x00000000000041f0        0x4 /Applications/Simplicity Studio.app/Contents/Eclipse/developer/toolchains/gnu_arm/4.9_2015q3/bin/../lib/gcc/arm-none-eabi/4.9.3/armv7-m/libgcc.a(_dvmd_tls.o)
                0x00000000000041f0                __aeabi_ldiv0
                0x00000000000041f0                __aeabi_idiv0
 .text          0x00000000000041f4      0x2ac /Applications/Simplicity Studio.app/Contents/Eclipse/developer/toolchains/gnu_arm/4.9_2015q3/bin/../lib/gcc/arm-none-eabi/4.9.3/armv7-m/libgcc.a(_divdi3.o)
                0x00000000000041f4                __divdi3
 .text          0x00000000000044a0      0x270 /Applications/Simplicity Studio.app/Contents/Eclipse/developer/toolchains/gnu_arm/4.9_2015q3/bin/../lib/gcc/arm-none-eabi/4.9.3/armv7-m/libgcc.a(_udivdi3.o)
                0x00000000000044a0                __udivdi3
 .text.exit     0x0000000000004710       0x28 /Applications/Simplicity Studio.app/Contents/Eclipse/developer/toolchains/gnu_arm/4.9_2015q3/bin/../lib/gcc/arm-none-eabi/4.9.3/../../../../arm-none-eabi/lib/armv7-m/libc_nano.a(lib_a-exit.o)
                0x0000000000004710                exit
 .text.__libc_init_array
                0x0000000000004738       0x4c /Applications/Simplicity Studio.app/Contents/Eclipse/developer/toolchains/gnu_arm/4.9_2015q3/bin/../lib/gcc/arm-none-eabi/4.9.3/../../../../arm-none-eabi/lib/armv7-m/libc_nano.a(lib_a-init.o)
                0x0000000000004738                __libc_init_array
 .text.memset   0x0000000000004784       0x10 /Applications/Simplicity Studio.app/Contents/Eclipse/developer/toolchains/gnu_arm/4.9_2015q3/bin/../lib/gcc/arm-none-eabi/4.9.3/../../../../arm-none-eabi/lib/armv7-m/libc_nano.a(lib_a-memset.o)
                0x0000000000004784                memset
 .text._exit    0x0000000000004794        0x4 /Applications/Simplicity Studio.app/Contents/Eclipse/developer/toolchains/gnu_arm/4.9_2015q3/bin/../lib/gcc/arm-none-eabi/4.9.3/../../../../arm-none-eabi/lib/armv7-m/libnosys.a(_exit.o)
                0x0000000000004794                _exit
 *(.init)
 .init          0x0000000000004798        0x4 /Applications/Simplicity Studio.app/Contents/Eclipse/developer/toolchains/gnu_arm/4.9_2015q3/bin/../lib/gcc/arm-none-eabi/4.9.3/armv7-m/crti.o
                0x0000000000004798                _init
 .init          0x000000000000479c        0x8 /Applications/Simplicity Studio.app/Contents/Eclipse/developer/toolchains/gnu_arm/4.9_2015q3/bin/../lib/gcc/arm-none-eabi/4.9.3/armv7-m/crtn.o
 *(.fini)
 .fini          0x00000000000047a4        0x4 /Applications/Simplicity Studio.app/Contents/Eclipse/developer/toolchains/gnu_arm/4.9_2015q3/bin/../lib/gcc/arm-none-eabi/4.9.3/armv7-m/crti.o
                0x00000000000047a4                _fini
 .fini          0x00000000000047a8        0x8 /Applications/Simplicity Studio.app/Contents/Eclipse/developer/toolchains/gnu_arm/4.9_2015q3/bin/../lib/gcc/arm-none-eabi/4.9.3/armv7-m/crtn.o
 *crtbegin.o(.ctors)
 *crtbegin?.o(.ctors)
 *(EXCLUDE_FILE(*crtend.o *crtend?.o) .ctors)
 *(SORT(.ctors.*))
 *(.ctors)
 *crtbegin.o(.dtors)
 *crtbegin?.o(.dtors)
 *(EXCLUDE_FILE(*crtend.o *crtend?.o) .dtors)
 *(SORT(.dtors.*))
 *(.dtors)
 *(.rodata*)
 .rodata.initRTC
                0x00000000000047b0        0x3 ./emdrv/src/rtcdriver.o
 *fill*         0x00000000000047b3        0x1 
 .rodata.i2cNSum
                0x00000000000047b4        0x4 ./emlib/em_i2c.o
 .rodata        0x00000000000047b8       0x10 ./mylib/LG_i2c.o
 .rodata.str1.1
                0x00000000000047c8        0x2 /Applications/Simplicity Studio.app/Contents/Eclipse/developer/toolchains/gnu_arm/4.9_2015q3/bin/../lib/gcc/arm-none-eabi/4.9.3/../../../../arm-none-eabi/lib/armv7-m/libc_nano.a(lib_a-impure.o)
 *fill*         0x00000000000047ca        0x2 
 .rodata._global_impure_ptr
                0x00000000000047cc        0x4 /Applications/Simplicity Studio.app/Contents/Eclipse/developer/toolchains/gnu_arm/4.9_2015q3/bin/../lib/gcc/arm-none-eabi/4.9.3/../../../../arm-none-eabi/lib/armv7-m/libc_nano.a(lib_a-impure.o)
                0x00000000000047cc                _global_impure_ptr
 *(.eh_frame*)
 .eh_frame      0x00000000000047d0        0x0 /Applications/Simplicity Studio.app/Contents/Eclipse/developer/toolchains/gnu_arm/4.9_2015q3/bin/../lib/gcc/arm-none-eabi/4.9.3/armv7-m/crtbegin.o
 .eh_frame      0x00000000000047d0        0x4 /Applications/Simplicity Studio.app/Contents/Eclipse/developer/toolchains/gnu_arm/4.9_2015q3/bin/../lib/gcc/arm-none-eabi/4.9.3/armv7-m/crtend.o

.glue_7         0x00000000000047d4        0x0
 .glue_7        0x0000000000000000        0x0 linker stubs

.glue_7t        0x00000000000047d4        0x0
 .glue_7t       0x0000000000000000        0x0 linker stubs

.vfp11_veneer   0x00000000000047d4        0x0
 .vfp11_veneer  0x0000000000000000        0x0 linker stubs

.v4_bx          0x00000000000047d4        0x0
 .v4_bx         0x0000000000000000        0x0 linker stubs

.iplt           0x00000000000047d4        0x0
 .iplt          0x0000000000000000        0x0 /Applications/Simplicity Studio.app/Contents/Eclipse/developer/toolchains/gnu_arm/4.9_2015q3/bin/../lib/gcc/arm-none-eabi/4.9.3/armv7-m/crtbegin.o

.ARM.extab
 *(.ARM.extab* .gnu.linkonce.armextab.*)
                0x00000000000047d4                __exidx_start = .

.ARM.exidx      0x00000000000047d4        0x8
 *(.ARM.exidx* .gnu.linkonce.armexidx.*)
 .ARM.exidx     0x00000000000047d4        0x8 /Applications/Simplicity Studio.app/Contents/Eclipse/developer/toolchains/gnu_arm/4.9_2015q3/bin/../lib/gcc/arm-none-eabi/4.9.3/../../../../arm-none-eabi/lib/armv7-m/crt0.o
 .ARM.exidx     0x00000000000047dc        0x0 /Applications/Simplicity Studio.app/Contents/Eclipse/developer/toolchains/gnu_arm/4.9_2015q3/bin/../lib/gcc/arm-none-eabi/4.9.3/armv7-m/libgcc.a(_divdi3.o)
                                          0x8 (size before relaxing)
 .ARM.exidx     0x00000000000047dc        0x0 /Applications/Simplicity Studio.app/Contents/Eclipse/developer/toolchains/gnu_arm/4.9_2015q3/bin/../lib/gcc/arm-none-eabi/4.9.3/armv7-m/libgcc.a(_udivdi3.o)
                                          0x8 (size before relaxing)
                0x00000000000047dc                __exidx_end = .
                0x00000000000047dc                __etext = .

.rel.dyn        0x00000000000047dc        0x0
 .rel.iplt      0x0000000000000000        0x0 /Applications/Simplicity Studio.app/Contents/Eclipse/developer/toolchains/gnu_arm/4.9_2015q3/bin/../lib/gcc/arm-none-eabi/4.9.3/armv7-m/crtbegin.o

.data           0x0000000020000000       0x7c load address 0x00000000000047dc
                0x0000000020000000                __data_start__ = .
 *(vtable)
 *(.data*)
 .data.SystemHFXOClock
                0x0000000020000000        0x4 ./CMSIS/EFM32LG/system_efm32lg.o
 .data.SystemLFXOClock
                0x0000000020000004        0x4 ./CMSIS/EFM32LG/system_efm32lg.o
 .data.letimer0_comp0
                0x0000000020000008        0x4 ./mylib/LG_letimer.o
                0x0000000020000008                letimer0_comp0
 .data.letimer0_comp1
                0x000000002000000c        0x4 ./mylib/LG_letimer.o
                0x000000002000000c                letimer0_comp1
 .data.impure_data
                0x0000000020000010       0x60 /Applications/Simplicity Studio.app/Contents/Eclipse/developer/toolchains/gnu_arm/4.9_2015q3/bin/../lib/gcc/arm-none-eabi/4.9.3/../../../../arm-none-eabi/lib/armv7-m/libc_nano.a(lib_a-impure.o)
                0x0000000020000070                . = ALIGN (0x4)
 *(.ram)
                0x0000000020000070                . = ALIGN (0x4)
                0x0000000020000070                PROVIDE (__preinit_array_start, .)
 *(.preinit_array)
                0x0000000020000070                PROVIDE (__preinit_array_end, .)
                0x0000000020000070                . = ALIGN (0x4)
                0x0000000020000070                PROVIDE (__init_array_start, .)
 *(SORT(.init_array.*))
 *(.init_array)
 .init_array    0x0000000020000070        0x4 /Applications/Simplicity Studio.app/Contents/Eclipse/developer/toolchains/gnu_arm/4.9_2015q3/bin/../lib/gcc/arm-none-eabi/4.9.3/armv7-m/crtbegin.o
                0x0000000020000074                PROVIDE (__init_array_end, .)
                0x0000000020000074                . = ALIGN (0x4)
                0x0000000020000074                PROVIDE (__fini_array_start, .)
 *(SORT(.fini_array.*))
 *(.fini_array)
 .fini_array    0x0000000020000074        0x4 /Applications/Simplicity Studio.app/Contents/Eclipse/developer/toolchains/gnu_arm/4.9_2015q3/bin/../lib/gcc/arm-none-eabi/4.9.3/armv7-m/crtbegin.o
                0x0000000020000078                PROVIDE (__fini_array_end, .)
 *(.jcr*)
 .jcr           0x0000000020000078        0x0 /Applications/Simplicity Studio.app/Contents/Eclipse/developer/toolchains/gnu_arm/4.9_2015q3/bin/../lib/gcc/arm-none-eabi/4.9.3/armv7-m/crtbegin.o
 .jcr           0x0000000020000078        0x4 /Applications/Simplicity Studio.app/Contents/Eclipse/developer/toolchains/gnu_arm/4.9_2015q3/bin/../lib/gcc/arm-none-eabi/4.9.3/armv7-m/crtend.o
                0x000000002000007c                . = ALIGN (0x4)
                0x000000002000007c                __data_end__ = .

.igot.plt       0x000000002000007c        0x0 load address 0x0000000000004858
 .igot.plt      0x0000000000000000        0x0 /Applications/Simplicity Studio.app/Contents/Eclipse/developer/toolchains/gnu_arm/4.9_2015q3/bin/../lib/gcc/arm-none-eabi/4.9.3/armv7-m/crtbegin.o

.bss            0x0000000020000080      0x100 load address 0x0000000000004860
                0x0000000020000080                . = ALIGN (0x4)
                0x0000000020000080                __bss_start__ = .
 *(.bss*)
 .bss           0x0000000020000080       0x1c /Applications/Simplicity Studio.app/Contents/Eclipse/developer/toolchains/gnu_arm/4.9_2015q3/bin/../lib/gcc/arm-none-eabi/4.9.3/armv7-m/crtbegin.o
 *fill*         0x000000002000009c        0x4 
 .bss.timer     0x00000000200000a0       0xa0 ./emdrv/src/rtcdriver.o
 .bss.lastStart
                0x0000000020000140        0x4 ./emdrv/src/rtcdriver.o
 .bss.startTimerNestingLevel
                0x0000000020000144        0x4 ./emdrv/src/rtcdriver.o
 .bss.inTimerIRQ
                0x0000000020000148        0x1 ./emdrv/src/rtcdriver.o
 .bss.rtcRunning
                0x0000000020000149        0x1 ./emdrv/src/rtcdriver.o
 .bss.rtcdrvIsInitialized
                0x000000002000014a        0x1 ./emdrv/src/rtcdriver.o
 *fill*         0x000000002000014b        0x1 
 .bss.cmuStatus
                0x000000002000014c        0x4 ./emlib/em_emu.o
 .bss.sleep_block_counter
                0x0000000020000150        0x3 ./mylib/LG_sleep.o
                0x0000000020000150                sleep_block_counter
 *(COMMON)
 *fill*         0x0000000020000153        0x1 
 COMMON         0x0000000020000154        0x4 ./CMSIS/EFM32LG/system_efm32lg.o
                0x0000000020000154                SystemCoreClock
 COMMON         0x0000000020000158        0x4 ./mylib/bme280.o
                0x0000000020000158                p_bme280
 COMMON         0x000000002000015c       0x24 ./src/LG_task.o
                0x000000002000015c                bme280
                0x000000002000017c                rtc_ID
                0x0000000020000180                . = ALIGN (0x4)
                0x0000000020000180                __bss_end__ = .

.heap           0x0000000020000180      0xc00
                0x0000000020000180                __HeapBase = .
                0x0000000020000180                __end__ = .
                0x0000000020000180                end = __end__
                0x0000000020000180                _end = __end__
 *(.heap*)
 .heap          0x0000000020000180      0xc00 ./CMSIS/EFM32LG/startup_gcc_efm32lg.o
                0x0000000020000d80                __HeapLimit = .

.stack_dummy    0x0000000020000180      0x400
 *(.stack*)
 .stack         0x0000000020000180      0x400 ./CMSIS/EFM32LG/startup_gcc_efm32lg.o
                0x0000000020008000                __StackTop = (ORIGIN (RAM) + 0x8000)
                0x0000000020007c00                __StackLimit = (__StackTop - SIZEOF (.stack_dummy))
                0x0000000020008000                PROVIDE (__stack, __StackTop)
                0x0000000000000001                ASSERT ((__StackLimit >= __HeapLimit), region RAM overflowed with stack)
                0x0000000000000001                ASSERT ((0x40000 >= (__etext + SIZEOF (.data))), FLASH memory overflowed !)
OUTPUT(CAETE.axf elf32-littlearm)

.ARM.attributes
                0x0000000000000000       0x29
 .ARM.attributes
                0x0000000000000000       0x1d /Applications/Simplicity Studio.app/Contents/Eclipse/developer/toolchains/gnu_arm/4.9_2015q3/bin/../lib/gcc/arm-none-eabi/4.9.3/armv7-m/crti.o
 .ARM.attributes
                0x000000000000001d       0x2d /Applications/Simplicity Studio.app/Contents/Eclipse/developer/toolchains/gnu_arm/4.9_2015q3/bin/../lib/gcc/arm-none-eabi/4.9.3/armv7-m/crtbegin.o
 .ARM.attributes
                0x000000000000004a       0x1b /Applications/Simplicity Studio.app/Contents/Eclipse/developer/toolchains/gnu_arm/4.9_2015q3/bin/../lib/gcc/arm-none-eabi/4.9.3/../../../../arm-none-eabi/lib/armv7-m/crt0.o
 .ARM.attributes
                0x0000000000000065       0x1b ./CMSIS/EFM32LG/startup_gcc_efm32lg.o
 .ARM.attributes
                0x0000000000000080       0x33 ./CMSIS/EFM32LG/system_efm32lg.o
 .ARM.attributes
                0x00000000000000b3       0x33 ./emdrv/src/rtcdriver.o
 .ARM.attributes
                0x00000000000000e6       0x33 ./emlib/em_cmu.o
 .ARM.attributes
                0x0000000000000119       0x33 ./emlib/em_core.o
 .ARM.attributes
                0x000000000000014c       0x33 ./emlib/em_dma.o
 .ARM.attributes
                0x000000000000017f       0x33 ./emlib/em_emu.o
 .ARM.attributes
                0x00000000000001b2       0x33 ./emlib/em_gpio.o
 .ARM.attributes
                0x00000000000001e5       0x33 ./emlib/em_i2c.o
 .ARM.attributes
                0x0000000000000218       0x33 ./emlib/em_letimer.o
 .ARM.attributes
                0x000000000000024b       0x33 ./emlib/em_rtc.o
 .ARM.attributes
                0x000000000000027e       0x33 ./emlib/em_system.o
 .ARM.attributes
                0x00000000000002b1       0x33 ./mylib/LG_cmu.o
 .ARM.attributes
                0x00000000000002e4       0x33 ./mylib/LG_i2c.o
 .ARM.attributes
                0x0000000000000317       0x33 ./mylib/LG_letimer.o
 .ARM.attributes
                0x000000000000034a       0x33 ./mylib/LG_sleep.o
 .ARM.attributes
                0x000000000000037d       0x33 ./mylib/bme280.o
 .ARM.attributes
                0x00000000000003b0       0x33 ./mylib/board_led.o
 .ARM.attributes
                0x00000000000003e3       0x33 ./src/LG_task.o
 .ARM.attributes
                0x0000000000000416       0x33 ./src/main.o
 .ARM.attributes
                0x0000000000000449       0x1d /Applications/Simplicity Studio.app/Contents/Eclipse/developer/toolchains/gnu_arm/4.9_2015q3/bin/../lib/gcc/arm-none-eabi/4.9.3/armv7-m/libgcc.a(_arm_addsubdf3.o)
 .ARM.attributes
                0x0000000000000466       0x1d /Applications/Simplicity Studio.app/Contents/Eclipse/developer/toolchains/gnu_arm/4.9_2015q3/bin/../lib/gcc/arm-none-eabi/4.9.3/armv7-m/libgcc.a(_arm_muldivdf3.o)
 .ARM.attributes
                0x0000000000000483       0x1d /Applications/Simplicity Studio.app/Contents/Eclipse/developer/toolchains/gnu_arm/4.9_2015q3/bin/../lib/gcc/arm-none-eabi/4.9.3/armv7-m/libgcc.a(_arm_cmpdf2.o)
 .ARM.attributes
                0x00000000000004a0       0x1d /Applications/Simplicity Studio.app/Contents/Eclipse/developer/toolchains/gnu_arm/4.9_2015q3/bin/../lib/gcc/arm-none-eabi/4.9.3/armv7-m/libgcc.a(_arm_fixdfsi.o)
 .ARM.attributes
                0x00000000000004bd       0x1d /Applications/Simplicity Studio.app/Contents/Eclipse/developer/toolchains/gnu_arm/4.9_2015q3/bin/../lib/gcc/arm-none-eabi/4.9.3/armv7-m/libgcc.a(_aeabi_uldivmod.o)
 .ARM.attributes
                0x00000000000004da       0x2d /Applications/Simplicity Studio.app/Contents/Eclipse/developer/toolchains/gnu_arm/4.9_2015q3/bin/../lib/gcc/arm-none-eabi/4.9.3/armv7-m/libgcc.a(bpabi.o)
 .ARM.attributes
                0x0000000000000507       0x1d /Applications/Simplicity Studio.app/Contents/Eclipse/developer/toolchains/gnu_arm/4.9_2015q3/bin/../lib/gcc/arm-none-eabi/4.9.3/armv7-m/libgcc.a(_dvmd_tls.o)
 .ARM.attributes
                0x0000000000000524       0x2d /Applications/Simplicity Studio.app/Contents/Eclipse/developer/toolchains/gnu_arm/4.9_2015q3/bin/../lib/gcc/arm-none-eabi/4.9.3/armv7-m/libgcc.a(_divdi3.o)
 .ARM.attributes
                0x0000000000000551       0x2d /Applications/Simplicity Studio.app/Contents/Eclipse/developer/toolchains/gnu_arm/4.9_2015q3/bin/../lib/gcc/arm-none-eabi/4.9.3/armv7-m/libgcc.a(_udivdi3.o)
 .ARM.attributes
                0x000000000000057e       0x2d /Applications/Simplicity Studio.app/Contents/Eclipse/developer/toolchains/gnu_arm/4.9_2015q3/bin/../lib/gcc/arm-none-eabi/4.9.3/../../../../arm-none-eabi/lib/armv7-m/libc_nano.a(lib_a-exit.o)
 .ARM.attributes
                0x00000000000005ab       0x2d /Applications/Simplicity Studio.app/Contents/Eclipse/developer/toolchains/gnu_arm/4.9_2015q3/bin/../lib/gcc/arm-none-eabi/4.9.3/../../../../arm-none-eabi/lib/armv7-m/libc_nano.a(lib_a-impure.o)
 .ARM.attributes
                0x00000000000005d8       0x2d /Applications/Simplicity Studio.app/Contents/Eclipse/developer/toolchains/gnu_arm/4.9_2015q3/bin/../lib/gcc/arm-none-eabi/4.9.3/../../../../arm-none-eabi/lib/armv7-m/libc_nano.a(lib_a-init.o)
 .ARM.attributes
                0x0000000000000605       0x2d /Applications/Simplicity Studio.app/Contents/Eclipse/developer/toolchains/gnu_arm/4.9_2015q3/bin/../lib/gcc/arm-none-eabi/4.9.3/../../../../arm-none-eabi/lib/armv7-m/libc_nano.a(lib_a-memset.o)
 .ARM.attributes
                0x0000000000000632       0x2d /Applications/Simplicity Studio.app/Contents/Eclipse/developer/toolchains/gnu_arm/4.9_2015q3/bin/../lib/gcc/arm-none-eabi/4.9.3/../../../../arm-none-eabi/lib/armv7-m/libnosys.a(_exit.o)
 .ARM.attributes
                0x000000000000065f       0x2d /Applications/Simplicity Studio.app/Contents/Eclipse/developer/toolchains/gnu_arm/4.9_2015q3/bin/../lib/gcc/arm-none-eabi/4.9.3/armv7-m/crtend.o
 .ARM.attributes
                0x000000000000068c       0x1d /Applications/Simplicity Studio.app/Contents/Eclipse/developer/toolchains/gnu_arm/4.9_2015q3/bin/../lib/gcc/arm-none-eabi/4.9.3/armv7-m/crtn.o

.comment        0x0000000000000000       0x70
 .comment       0x0000000000000000       0x70 ./CMSIS/EFM32LG/system_efm32lg.o
                                         0x71 (size before relaxing)
 .comment       0x0000000000000000       0x71 ./emdrv/src/rtcdriver.o
 .comment       0x0000000000000000       0x71 ./emlib/em_cmu.o
 .comment       0x0000000000000000       0x71 ./emlib/em_core.o
 .comment       0x0000000000000000       0x71 ./emlib/em_dma.o
 .comment       0x0000000000000000       0x71 ./emlib/em_emu.o
 .comment       0x0000000000000000       0x71 ./emlib/em_gpio.o
 .comment       0x0000000000000000       0x71 ./emlib/em_i2c.o
 .comment       0x0000000000000000       0x71 ./emlib/em_letimer.o
 .comment       0x0000000000000000       0x71 ./emlib/em_rtc.o
 .comment       0x0000000000000000       0x71 ./emlib/em_system.o
 .comment       0x0000000000000000       0x71 ./mylib/LG_cmu.o
 .comment       0x0000000000000000       0x71 ./mylib/LG_i2c.o
 .comment       0x0000000000000000       0x71 ./mylib/LG_letimer.o
 .comment       0x0000000000000000       0x71 ./mylib/LG_sleep.o
 .comment       0x0000000000000000       0x71 ./mylib/bme280.o
 .comment       0x0000000000000000       0x71 ./mylib/board_led.o
 .comment       0x0000000000000000       0x71 ./src/LG_task.o
 .comment       0x0000000000000000       0x71 ./src/main.o

.debug_line     0x0000000000000000     0x55e9
 .debug_line    0x0000000000000000       0x72 ./CMSIS/EFM32LG/startup_gcc_efm32lg.o
 .debug_line    0x0000000000000072      0x366 ./CMSIS/EFM32LG/system_efm32lg.o
 .debug_line    0x00000000000003d8      0x652 ./emdrv/src/rtcdriver.o
 .debug_line    0x0000000000000a2a      0xa5c ./emlib/em_cmu.o
 .debug_line    0x0000000000001486      0x639 ./emlib/em_core.o
 .debug_line    0x0000000000001abf      0x5cc ./emlib/em_dma.o
 .debug_line    0x000000000000208b      0x593 ./emlib/em_emu.o
 .debug_line    0x000000000000261e      0x4b7 ./emlib/em_gpio.o
 .debug_line    0x0000000000002ad5      0x4c3 ./emlib/em_i2c.o
 .debug_line    0x0000000000002f98      0x3ed ./emlib/em_letimer.o
 .debug_line    0x0000000000003385      0x39b ./emlib/em_rtc.o
 .debug_line    0x0000000000003720      0x30a ./emlib/em_system.o
 .debug_line    0x0000000000003a2a      0x246 ./mylib/LG_cmu.o
 .debug_line    0x0000000000003c70      0x2e9 ./mylib/LG_i2c.o
 .debug_line    0x0000000000003f59      0x369 ./mylib/LG_letimer.o
 .debug_line    0x00000000000042c2      0x2a6 ./mylib/LG_sleep.o
 .debug_line    0x0000000000004568      0x619 ./mylib/bme280.o
 .debug_line    0x0000000000004b81      0x3cb ./mylib/board_led.o
 .debug_line    0x0000000000004f4c      0x421 ./src/LG_task.o
 .debug_line    0x000000000000536d      0x27c ./src/main.o

.debug_info     0x0000000000000000     0x958e
 .debug_info    0x0000000000000000       0x9b ./CMSIS/EFM32LG/startup_gcc_efm32lg.o
 .debug_info    0x000000000000009b      0x582 ./CMSIS/EFM32LG/system_efm32lg.o
 .debug_info    0x000000000000061d      0xd5e ./emdrv/src/rtcdriver.o
 .debug_info    0x000000000000137b     0x13bd ./emlib/em_cmu.o
 .debug_info    0x0000000000002738      0xcfe ./emlib/em_core.o
 .debug_info    0x0000000000003436     0x12e9 ./emlib/em_dma.o
 .debug_info    0x000000000000471f      0xdb2 ./emlib/em_emu.o
 .debug_info    0x00000000000054d1      0x65e ./emlib/em_gpio.o
 .debug_info    0x0000000000005b2f      0x86d ./emlib/em_i2c.o
 .debug_info    0x000000000000639c      0x523 ./emlib/em_letimer.o
 .debug_info    0x00000000000068bf      0x343 ./emlib/em_rtc.o
 .debug_info    0x0000000000006c02      0x26d ./emlib/em_system.o
 .debug_info    0x0000000000006e6f      0x266 ./mylib/LG_cmu.o
 .debug_info    0x00000000000070d5      0x2f8 ./mylib/LG_i2c.o
 .debug_info    0x00000000000073cd      0x829 ./mylib/LG_letimer.o
 .debug_info    0x0000000000007bf6      0x358 ./mylib/LG_sleep.o
 .debug_info    0x0000000000007f4e      0xa3a ./mylib/bme280.o
 .debug_info    0x0000000000008988      0x488 ./mylib/board_led.o
 .debug_info    0x0000000000008e10      0x616 ./src/LG_task.o
 .debug_info    0x0000000000009426      0x168 ./src/main.o

.debug_abbrev   0x0000000000000000     0x2029
 .debug_abbrev  0x0000000000000000       0x14 ./CMSIS/EFM32LG/startup_gcc_efm32lg.o
 .debug_abbrev  0x0000000000000014      0x16d ./CMSIS/EFM32LG/system_efm32lg.o
 .debug_abbrev  0x0000000000000181      0x29e ./emdrv/src/rtcdriver.o
 .debug_abbrev  0x000000000000041f      0x2e0 ./emlib/em_cmu.o
 .debug_abbrev  0x00000000000006ff      0x239 ./emlib/em_core.o
 .debug_abbrev  0x0000000000000938      0x23b ./emlib/em_dma.o
 .debug_abbrev  0x0000000000000b73      0x254 ./emlib/em_emu.o
 .debug_abbrev  0x0000000000000dc7      0x1cf ./emlib/em_gpio.o
 .debug_abbrev  0x0000000000000f96      0x24c ./emlib/em_i2c.o
 .debug_abbrev  0x00000000000011e2      0x1a3 ./emlib/em_letimer.o
 .debug_abbrev  0x0000000000001385      0x198 ./emlib/em_rtc.o
 .debug_abbrev  0x000000000000151d       0xe0 ./emlib/em_system.o
 .debug_abbrev  0x00000000000015fd       0x8c ./mylib/LG_cmu.o
 .debug_abbrev  0x0000000000001689       0xcf ./mylib/LG_i2c.o
 .debug_abbrev  0x0000000000001758      0x1c8 ./mylib/LG_letimer.o
 .debug_abbrev  0x0000000000001920      0x12a ./mylib/LG_sleep.o
 .debug_abbrev  0x0000000000001a4a      0x224 ./mylib/bme280.o
 .debug_abbrev  0x0000000000001c6e      0x158 ./mylib/board_led.o
 .debug_abbrev  0x0000000000001dc6      0x1a6 ./src/LG_task.o
 .debug_abbrev  0x0000000000001f6c       0xbd ./src/main.o

.debug_aranges  0x0000000000000000      0x8a8
 .debug_aranges
                0x0000000000000000       0x20 ./CMSIS/EFM32LG/startup_gcc_efm32lg.o
 .debug_aranges
                0x0000000000000020       0x70 ./CMSIS/EFM32LG/system_efm32lg.o
 .debug_aranges
                0x0000000000000090       0xc8 ./emdrv/src/rtcdriver.o
 .debug_aranges
                0x0000000000000158      0x168 ./emlib/em_cmu.o
 .debug_aranges
                0x00000000000002c0       0xe8 ./emlib/em_core.o
 .debug_aranges
                0x00000000000003a8       0xc0 ./emlib/em_dma.o
 .debug_aranges
                0x0000000000000468       0xa8 ./emlib/em_emu.o
 .debug_aranges
                0x0000000000000510       0x70 ./emlib/em_gpio.o
 .debug_aranges
                0x0000000000000580       0x60 ./emlib/em_i2c.o
 .debug_aranges
                0x00000000000005e0       0x58 ./emlib/em_letimer.o
 .debug_aranges
                0x0000000000000638       0x58 ./emlib/em_rtc.o
 .debug_aranges
                0x0000000000000690       0x28 ./emlib/em_system.o
 .debug_aranges
                0x00000000000006b8       0x20 ./mylib/LG_cmu.o
 .debug_aranges
                0x00000000000006d8       0x20 ./mylib/LG_i2c.o
 .debug_aranges
                0x00000000000006f8       0x40 ./mylib/LG_letimer.o
 .debug_aranges
                0x0000000000000738       0x38 ./mylib/LG_sleep.o
 .debug_aranges
                0x0000000000000770       0x90 ./mylib/bme280.o
 .debug_aranges
                0x0000000000000800       0x40 ./mylib/board_led.o
 .debug_aranges
                0x0000000000000840       0x40 ./src/LG_task.o
 .debug_aranges
                0x0000000000000880       0x28 ./src/main.o

.debug_loc      0x0000000000000000     0x4558
 .debug_loc     0x0000000000000000      0x31c ./CMSIS/EFM32LG/system_efm32lg.o
 .debug_loc     0x000000000000031c      0x6f0 ./emdrv/src/rtcdriver.o
 .debug_loc     0x0000000000000a0c      0xd50 ./emlib/em_cmu.o
 .debug_loc     0x000000000000175c      0x88c ./emlib/em_core.o
 .debug_loc     0x0000000000001fe8      0x72c ./emlib/em_dma.o
 .debug_loc     0x0000000000002714      0x5a0 ./emlib/em_emu.o
 .debug_loc     0x0000000000002cb4      0x3d0 ./emlib/em_gpio.o
 .debug_loc     0x0000000000003084      0x300 ./emlib/em_i2c.o
 .debug_loc     0x0000000000003384      0x2d4 ./emlib/em_letimer.o
 .debug_loc     0x0000000000003658      0x28c ./emlib/em_rtc.o
 .debug_loc     0x00000000000038e4       0xb8 ./emlib/em_system.o
 .debug_loc     0x000000000000399c       0x2c ./mylib/LG_cmu.o
 .debug_loc     0x00000000000039c8       0x50 ./mylib/LG_i2c.o
 .debug_loc     0x0000000000003a18      0x1b4 ./mylib/LG_letimer.o
 .debug_loc     0x0000000000003bcc      0x110 ./mylib/LG_sleep.o
 .debug_loc     0x0000000000003cdc      0x4ec ./mylib/bme280.o
 .debug_loc     0x00000000000041c8      0x184 ./mylib/board_led.o
 .debug_loc     0x000000000000434c      0x190 ./src/LG_task.o
 .debug_loc     0x00000000000044dc       0x7c ./src/main.o

.debug_ranges   0x0000000000000000      0x758
 .debug_ranges  0x0000000000000000       0x60 ./CMSIS/EFM32LG/system_efm32lg.o
 .debug_ranges  0x0000000000000060       0xb8 ./emdrv/src/rtcdriver.o
 .debug_ranges  0x0000000000000118      0x158 ./emlib/em_cmu.o
 .debug_ranges  0x0000000000000270       0xd8 ./emlib/em_core.o
 .debug_ranges  0x0000000000000348       0xb0 ./emlib/em_dma.o
 .debug_ranges  0x00000000000003f8       0x98 ./emlib/em_emu.o
 .debug_ranges  0x0000000000000490       0x60 ./emlib/em_gpio.o
 .debug_ranges  0x00000000000004f0       0x50 ./emlib/em_i2c.o
 .debug_ranges  0x0000000000000540       0x48 ./emlib/em_letimer.o
 .debug_ranges  0x0000000000000588       0x48 ./emlib/em_rtc.o
 .debug_ranges  0x00000000000005d0       0x18 ./emlib/em_system.o
 .debug_ranges  0x00000000000005e8       0x10 ./mylib/LG_cmu.o
 .debug_ranges  0x00000000000005f8       0x10 ./mylib/LG_i2c.o
 .debug_ranges  0x0000000000000608       0x30 ./mylib/LG_letimer.o
 .debug_ranges  0x0000000000000638       0x28 ./mylib/LG_sleep.o
 .debug_ranges  0x0000000000000660       0x80 ./mylib/bme280.o
 .debug_ranges  0x00000000000006e0       0x30 ./mylib/board_led.o
 .debug_ranges  0x0000000000000710       0x30 ./src/LG_task.o
 .debug_ranges  0x0000000000000740       0x18 ./src/main.o

.debug_str      0x0000000000000000     0x323d
 .debug_str     0x0000000000000000      0x42d ./CMSIS/EFM32LG/system_efm32lg.o
                                        0x4b4 (size before relaxing)
 .debug_str     0x000000000000042d      0x942 ./emdrv/src/rtcdriver.o
                                        0xbae (size before relaxing)
 .debug_str     0x0000000000000d6f      0x901 ./emlib/em_cmu.o
                                        0xfc8 (size before relaxing)
 .debug_str     0x0000000000001670      0x363 ./emlib/em_core.o
                                        0x84b (size before relaxing)
 .debug_str     0x00000000000019d3      0x5cd ./emlib/em_dma.o
                                        0xd84 (size before relaxing)
 .debug_str     0x0000000000001fa0      0x42b ./emlib/em_emu.o
                                        0x858 (size before relaxing)
 .debug_str     0x00000000000023cb      0x3bb ./emlib/em_gpio.o
                                        0x5fb (size before relaxing)
 .debug_str     0x0000000000002786      0x327 ./emlib/em_i2c.o
                                        0x807 (size before relaxing)
 .debug_str     0x0000000000002aad      0x1f6 ./emlib/em_letimer.o
                                        0x447 (size before relaxing)
 .debug_str     0x0000000000002ca3       0x70 ./emlib/em_rtc.o
                                        0x2e1 (size before relaxing)
 .debug_str     0x0000000000002d13       0xac ./emlib/em_system.o
                                        0x2df (size before relaxing)
 .debug_str     0x0000000000002dbf       0x1c ./mylib/LG_cmu.o
                                        0x4ed (size before relaxing)
 .debug_str     0x0000000000002ddb       0x27 ./mylib/LG_i2c.o
                                        0x47f (size before relaxing)
 .debug_str     0x0000000000002e02       0xbb ./mylib/LG_letimer.o
                                        0x978 (size before relaxing)
 .debug_str     0x0000000000002ebd       0x5e ./mylib/LG_sleep.o
                                        0x2cb (size before relaxing)
 .debug_str     0x0000000000002f1b      0x265 ./mylib/bme280.o
                                        0x7c9 (size before relaxing)
 .debug_str     0x0000000000003180       0x4d ./mylib/board_led.o
                                        0x4d0 (size before relaxing)
 .debug_str     0x00000000000031cd       0x4b ./src/LG_task.o
                                        0x47c (size before relaxing)
 .debug_str     0x0000000000003218       0x25 ./src/main.o
                                        0x24e (size before relaxing)

.debug_frame    0x0000000000000000     0x2234
 .debug_frame   0x0000000000000000      0x180 ./CMSIS/EFM32LG/system_efm32lg.o
 .debug_frame   0x0000000000000180      0x354 ./emdrv/src/rtcdriver.o
 .debug_frame   0x00000000000004d4      0x630 ./emlib/em_cmu.o
 .debug_frame   0x0000000000000b04      0x3dc ./emlib/em_core.o
 .debug_frame   0x0000000000000ee0      0x340 ./emlib/em_dma.o
 .debug_frame   0x0000000000001220      0x29c ./emlib/em_emu.o
 .debug_frame   0x00000000000014bc      0x1c0 ./emlib/em_gpio.o
 .debug_frame   0x000000000000167c      0x164 ./emlib/em_i2c.o
 .debug_frame   0x00000000000017e0      0x14c ./emlib/em_letimer.o
 .debug_frame   0x000000000000192c      0x138 ./emlib/em_rtc.o
 .debug_frame   0x0000000000001a64       0x60 ./emlib/em_system.o
 .debug_frame   0x0000000000001ac4       0x2c ./mylib/LG_cmu.o
 .debug_frame   0x0000000000001af0       0x38 ./mylib/LG_i2c.o
 .debug_frame   0x0000000000001b28       0xd0 ./mylib/LG_letimer.o
 .debug_frame   0x0000000000001bf8       0x94 ./mylib/LG_sleep.o
 .debug_frame   0x0000000000001c8c      0x254 ./mylib/bme280.o
 .debug_frame   0x0000000000001ee0       0xc4 ./mylib/board_led.o
 .debug_frame   0x0000000000001fa4       0xc8 ./src/LG_task.o
 .debug_frame   0x000000000000206c       0x50 ./src/main.o
 .debug_frame   0x00000000000020bc       0x28 /Applications/Simplicity Studio.app/Contents/Eclipse/developer/toolchains/gnu_arm/4.9_2015q3/bin/../lib/gcc/arm-none-eabi/4.9.3/armv7-m/libgcc.a(_aeabi_uldivmod.o)
 .debug_frame   0x00000000000020e4       0x54 /Applications/Simplicity Studio.app/Contents/Eclipse/developer/toolchains/gnu_arm/4.9_2015q3/bin/../lib/gcc/arm-none-eabi/4.9.3/armv7-m/libgcc.a(bpabi.o)
 .debug_frame   0x0000000000002138       0x34 /Applications/Simplicity Studio.app/Contents/Eclipse/developer/toolchains/gnu_arm/4.9_2015q3/bin/../lib/gcc/arm-none-eabi/4.9.3/armv7-m/libgcc.a(_divdi3.o)
 .debug_frame   0x000000000000216c       0x34 /Applications/Simplicity Studio.app/Contents/Eclipse/developer/toolchains/gnu_arm/4.9_2015q3/bin/../lib/gcc/arm-none-eabi/4.9.3/armv7-m/libgcc.a(_udivdi3.o)
 .debug_frame   0x00000000000021a0       0x28 /Applications/Simplicity Studio.app/Contents/Eclipse/developer/toolchains/gnu_arm/4.9_2015q3/bin/../lib/gcc/arm-none-eabi/4.9.3/../../../../arm-none-eabi/lib/armv7-m/libc_nano.a(lib_a-exit.o)
 .debug_frame   0x00000000000021c8       0x2c /Applications/Simplicity Studio.app/Contents/Eclipse/developer/toolchains/gnu_arm/4.9_2015q3/bin/../lib/gcc/arm-none-eabi/4.9.3/../../../../arm-none-eabi/lib/armv7-m/libc_nano.a(lib_a-init.o)
 .debug_frame   0x00000000000021f4       0x20 /Applications/Simplicity Studio.app/Contents/Eclipse/developer/toolchains/gnu_arm/4.9_2015q3/bin/../lib/gcc/arm-none-eabi/4.9.3/../../../../arm-none-eabi/lib/armv7-m/libc_nano.a(lib_a-memset.o)
 .debug_frame   0x0000000000002214       0x20 /Applications/Simplicity Studio.app/Contents/Eclipse/developer/toolchains/gnu_arm/4.9_2015q3/bin/../lib/gcc/arm-none-eabi/4.9.3/../../../../arm-none-eabi/lib/armv7-m/libnosys.a(_exit.o)
