Archive member included because of file (symbol)

/Applications/Simplicity Studio.app/Contents/Eclipse/developer/toolchains/gnu_arm/4.9_2015q3/bin/../lib/gcc/arm-none-eabi/4.9.3/armv7-m/libgcc.a(_arm_addsubdf3.o)
                              ./mylib/LG_letimer.o (__aeabi_ui2d)
/Applications/Simplicity Studio.app/Contents/Eclipse/developer/toolchains/gnu_arm/4.9_2015q3/bin/../lib/gcc/arm-none-eabi/4.9.3/armv7-m/libgcc.a(_arm_cmpdf2.o)
                              ./mylib/LG_letimer.o (__aeabi_dcmplt)
/Applications/Simplicity Studio.app/Contents/Eclipse/developer/toolchains/gnu_arm/4.9_2015q3/bin/../lib/gcc/arm-none-eabi/4.9.3/armv7-m/libgcc.a(_aeabi_uldivmod.o)
                              ./emlib/em_usart.o (__aeabi_uldivmod)
/Applications/Simplicity Studio.app/Contents/Eclipse/developer/toolchains/gnu_arm/4.9_2015q3/bin/../lib/gcc/arm-none-eabi/4.9.3/armv7-m/libgcc.a(bpabi.o)
                              /Applications/Simplicity Studio.app/Contents/Eclipse/developer/toolchains/gnu_arm/4.9_2015q3/bin/../lib/gcc/arm-none-eabi/4.9.3/armv7-m/libgcc.a(_aeabi_uldivmod.o) (__gnu_uldivmod_helper)
/Applications/Simplicity Studio.app/Contents/Eclipse/developer/toolchains/gnu_arm/4.9_2015q3/bin/../lib/gcc/arm-none-eabi/4.9.3/armv7-m/libgcc.a(_dvmd_tls.o)
                              /Applications/Simplicity Studio.app/Contents/Eclipse/developer/toolchains/gnu_arm/4.9_2015q3/bin/../lib/gcc/arm-none-eabi/4.9.3/armv7-m/libgcc.a(_aeabi_uldivmod.o) (__aeabi_ldiv0)
/Applications/Simplicity Studio.app/Contents/Eclipse/developer/toolchains/gnu_arm/4.9_2015q3/bin/../lib/gcc/arm-none-eabi/4.9.3/armv7-m/libgcc.a(_divdi3.o)
                              /Applications/Simplicity Studio.app/Contents/Eclipse/developer/toolchains/gnu_arm/4.9_2015q3/bin/../lib/gcc/arm-none-eabi/4.9.3/armv7-m/libgcc.a(bpabi.o) (__divdi3)
/Applications/Simplicity Studio.app/Contents/Eclipse/developer/toolchains/gnu_arm/4.9_2015q3/bin/../lib/gcc/arm-none-eabi/4.9.3/armv7-m/libgcc.a(_udivdi3.o)
                              /Applications/Simplicity Studio.app/Contents/Eclipse/developer/toolchains/gnu_arm/4.9_2015q3/bin/../lib/gcc/arm-none-eabi/4.9.3/armv7-m/libgcc.a(bpabi.o) (__udivdi3)
/Applications/Simplicity Studio.app/Contents/Eclipse/developer/toolchains/gnu_arm/4.9_2015q3/bin/../lib/gcc/arm-none-eabi/4.9.3/../../../../arm-none-eabi/lib/armv7-m/libc_nano.a(lib_a-exit.o)
                              /Applications/Simplicity Studio.app/Contents/Eclipse/developer/toolchains/gnu_arm/4.9_2015q3/bin/../lib/gcc/arm-none-eabi/4.9.3/../../../../arm-none-eabi/lib/armv7-m/crt0.o (exit)
/Applications/Simplicity Studio.app/Contents/Eclipse/developer/toolchains/gnu_arm/4.9_2015q3/bin/../lib/gcc/arm-none-eabi/4.9.3/../../../../arm-none-eabi/lib/armv7-m/libc_nano.a(lib_a-impure.o)
                              /Applications/Simplicity Studio.app/Contents/Eclipse/developer/toolchains/gnu_arm/4.9_2015q3/bin/../lib/gcc/arm-none-eabi/4.9.3/../../../../arm-none-eabi/lib/armv7-m/libc_nano.a(lib_a-exit.o) (_global_impure_ptr)
/Applications/Simplicity Studio.app/Contents/Eclipse/developer/toolchains/gnu_arm/4.9_2015q3/bin/../lib/gcc/arm-none-eabi/4.9.3/../../../../arm-none-eabi/lib/armv7-m/libc_nano.a(lib_a-init.o)
                              /Applications/Simplicity Studio.app/Contents/Eclipse/developer/toolchains/gnu_arm/4.9_2015q3/bin/../lib/gcc/arm-none-eabi/4.9.3/../../../../arm-none-eabi/lib/armv7-m/crt0.o (__libc_init_array)
/Applications/Simplicity Studio.app/Contents/Eclipse/developer/toolchains/gnu_arm/4.9_2015q3/bin/../lib/gcc/arm-none-eabi/4.9.3/../../../../arm-none-eabi/lib/armv7-m/libc_nano.a(lib_a-memset.o)
                              /Applications/Simplicity Studio.app/Contents/Eclipse/developer/toolchains/gnu_arm/4.9_2015q3/bin/../lib/gcc/arm-none-eabi/4.9.3/../../../../arm-none-eabi/lib/armv7-m/crt0.o (memset)
/Applications/Simplicity Studio.app/Contents/Eclipse/developer/toolchains/gnu_arm/4.9_2015q3/bin/../lib/gcc/arm-none-eabi/4.9.3/../../../../arm-none-eabi/lib/armv7-m/libnosys.a(_exit.o)
                              /Applications/Simplicity Studio.app/Contents/Eclipse/developer/toolchains/gnu_arm/4.9_2015q3/bin/../lib/gcc/arm-none-eabi/4.9.3/../../../../arm-none-eabi/lib/armv7-m/libc_nano.a(lib_a-exit.o) (_exit)

Allocating common symbols
Common symbol       size              file

SystemCoreClock     0x4               ./CMSIS/EFM32LG/system_efm32lg.o
dmaControlBlock     0x200             ./src/dmactrl.o

Discarded input sections

 .text          0x0000000000000000        0x0 /Applications/Simplicity Studio.app/Contents/Eclipse/developer/toolchains/gnu_arm/4.9_2015q3/bin/../lib/gcc/arm-none-eabi/4.9.3/armv7-m/crti.o
 .data          0x0000000000000000        0x0 /Applications/Simplicity Studio.app/Contents/Eclipse/developer/toolchains/gnu_arm/4.9_2015q3/bin/../lib/gcc/arm-none-eabi/4.9.3/armv7-m/crti.o
[...]
Memory Configuration

Name             Origin             Length             Attributes
FLASH            0x0000000000000000 0x0000000000040000 xr
RAM              0x0000000020000000 0x0000000000008000 xrw
*default*        0x0000000000000000 0xffffffffffffffff

Linker script and memory map

LOAD /Applications/Simplicity Studio.app/Contents/Eclipse/developer/toolchains/gnu_arm/4.9_2015q3/bin/../lib/gcc/arm-none-eabi/4.9.3/armv7-m/crti.o
LOAD /Applications/Simplicity Studio.app/Contents/Eclipse/developer/toolchains/gnu_arm/4.9_2015q3/bin/../lib/gcc/arm-none-eabi/4.9.3/armv7-m/crtbegin.o
LOAD /Applications/Simplicity Studio.app/Contents/Eclipse/developer/toolchains/gnu_arm/4.9_2015q3/bin/../lib/gcc/arm-none-eabi/4.9.3/../../../../arm-none-eabi/lib/armv7-m/crt0.o
LOAD ./CMSIS/EFM32LG/startup_gcc_efm32lg.o
LOAD ./CMSIS/EFM32LG/system_efm32lg.o
LOAD ./emlib/em_acmp.o
LOAD ./emlib/em_adc.o
LOAD ./emlib/em_aes.o
LOAD ./emlib/em_assert.o
LOAD ./emlib/em_burtc.o
LOAD ./emlib/em_cmu.o
LOAD ./emlib/em_core.o
LOAD ./emlib/em_cryotimer.o
LOAD ./emlib/em_crypto.o
LOAD ./emlib/em_dac.o
LOAD ./emlib/em_dbg.o
LOAD ./emlib/em_dma.o
LOAD ./emlib/em_ebi.o
LOAD ./emlib/em_emu.o
LOAD ./emlib/em_gpcrc.o
LOAD ./emlib/em_gpio.o
LOAD ./emlib/em_i2c.o
LOAD ./emlib/em_idac.o
LOAD ./emlib/em_int.o
LOAD ./emlib/em_lcd.o
LOAD ./emlib/em_ldma.o
LOAD ./emlib/em_lesense.o
LOAD ./emlib/em_letimer.o
LOAD ./emlib/em_leuart.o
LOAD ./emlib/em_mpu.o
LOAD ./emlib/em_msc.o
LOAD ./emlib/em_opamp.o
LOAD ./emlib/em_pcnt.o
LOAD ./emlib/em_prs.o
LOAD ./emlib/em_rmu.o
LOAD ./emlib/em_rtc.o
LOAD ./emlib/em_rtcc.o
LOAD ./emlib/em_system.o
LOAD ./emlib/em_timer.o
LOAD ./emlib/em_usart.o
LOAD ./emlib/em_vcmp.o
LOAD ./emlib/em_wdog.o
LOAD ./mylib/LG_cmu.o
LOAD ./mylib/LG_letimer.o
LOAD ./mylib/board_led.o
LOAD ./mylib/sleep.o
LOAD ./src/LG_task.o
LOAD ./src/dmactrl.o
LOAD ./src/main.o
START GROUP
LOAD /Applications/Simplicity Studio.app/Contents/Eclipse/developer/toolchains/gnu_arm/4.9_2015q3/bin/../lib/gcc/arm-none-eabi/4.9.3/armv7-m/libgcc.a
LOAD /Applications/Simplicity Studio.app/Contents/Eclipse/developer/toolchains/gnu_arm/4.9_2015q3/bin/../lib/gcc/arm-none-eabi/4.9.3/../../../../arm-none-eabi/lib/armv7-m/libc_nano.a
LOAD /Applications/Simplicity Studio.app/Contents/Eclipse/developer/toolchains/gnu_arm/4.9_2015q3/bin/../lib/gcc/arm-none-eabi/4.9.3/../../../../arm-none-eabi/lib/armv7-m/libnosys.a
END GROUP
START GROUP
LOAD /Applications/Simplicity Studio.app/Contents/Eclipse/developer/toolchains/gnu_arm/4.9_2015q3/bin/../lib/gcc/arm-none-eabi/4.9.3/armv7-m/libgcc.a
LOAD /Applications/Simplicity Studio.app/Contents/Eclipse/developer/toolchains/gnu_arm/4.9_2015q3/bin/../lib/gcc/arm-none-eabi/4.9.3/../../../../arm-none-eabi/lib/armv7-m/libg_nano.a
LOAD /Applications/Simplicity Studio.app/Contents/Eclipse/developer/toolchains/gnu_arm/4.9_2015q3/bin/../lib/gcc/arm-none-eabi/4.9.3/../../../../arm-none-eabi/lib/armv7-m/libc_nano.a
END GROUP
START GROUP
LOAD /Applications/Simplicity Studio.app/Contents/Eclipse/developer/toolchains/gnu_arm/4.9_2015q3/bin/../lib/gcc/arm-none-eabi/4.9.3/armv7-m/libgcc.a
LOAD /Applications/Simplicity Studio.app/Contents/Eclipse/developer/toolchains/gnu_arm/4.9_2015q3/bin/../lib/gcc/arm-none-eabi/4.9.3/../../../../arm-none-eabi/lib/armv7-m/libc_nano.a
END GROUP
LOAD /Applications/Simplicity Studio.app/Contents/Eclipse/developer/toolchains/gnu_arm/4.9_2015q3/bin/../lib/gcc/arm-none-eabi/4.9.3/armv7-m/crtend.o
LOAD /Applications/Simplicity Studio.app/Contents/Eclipse/developer/toolchains/gnu_arm/4.9_2015q3/bin/../lib/gcc/arm-none-eabi/4.9.3/armv7-m/crtn.o

.text           0x0000000000000000     0x2378
 *(.vectors)
 .vectors       0x0000000000000000       0xe0 ./CMSIS/EFM32LG/startup_gcc_efm32lg.o
                0x0000000000000000                __Vectors
                0x00000000000000e0                __Vectors_End = .
                0x00000000000000e0                __Vectors_Size = (__Vectors_End - __Vectors)
                0x00000000000000e0                __end__ = .
 *(.text*)
 .text          0x00000000000000e0       0x5c /Applications/Simplicity Studio.app/Contents/Eclipse/developer/toolchains/gnu_arm/4.9_2015q3/bin/../lib/gcc/arm-none-eabi/4.9.3/armv7-m/crtbegin.o
 .text          0x000000000000013c       0x74 /Applications/Simplicity Studio.app/Contents/Eclipse/developer/toolchains/gnu_arm/4.9_2015q3/bin/../lib/gcc/arm-none-eabi/4.9.3/../../../../arm-none-eabi/lib/armv7-m/crt0.o
                0x000000000000013c                _mainCRTStartup
                0x000000000000013c                _start
 .text          0x00000000000001b0       0x30 ./CMSIS/EFM32LG/startup_gcc_efm32lg.o
                0x00000000000001b0                Reset_Handler
                0x00000000000001dc                DebugMon_Handler
                0x00000000000001dc                USART0_TX_IRQHandler
                0x00000000000001dc                I2C0_IRQHandler
                0x00000000000001dc                HardFault_Handler
                0x00000000000001dc                LEUART1_IRQHandler
                0x00000000000001dc                SysTick_Handler
                0x00000000000001dc                USART1_RX_IRQHandler
                0x00000000000001dc                PendSV_Handler
                0x00000000000001dc                NMI_Handler
                0x00000000000001dc                I2C1_IRQHandler
                0x00000000000001dc                TIMER3_IRQHandler
                0x00000000000001dc                USART1_TX_IRQHandler
                0x00000000000001dc                MSC_IRQHandler
                0x00000000000001dc                ADC0_IRQHandler
                0x00000000000001dc                UsageFault_Handler
                0x00000000000001dc                LEUART0_IRQHandler
                0x00000000000001dc                GPIO_EVEN_IRQHandler
                0x00000000000001dc                UART0_TX_IRQHandler
                0x00000000000001dc                UART1_TX_IRQHandler
                0x00000000000001dc                RTC_IRQHandler
                0x00000000000001dc                TIMER0_IRQHandler
                0x00000000000001dc                LCD_IRQHandler
                0x00000000000001dc                PCNT2_IRQHandler
                0x00000000000001dc                UART0_RX_IRQHandler
                0x00000000000001dc                TIMER1_IRQHandler
                0x00000000000001dc                USART2_RX_IRQHandler
                0x00000000000001dc                Default_Handler
                0x00000000000001dc                EMU_IRQHandler
                0x00000000000001dc                PCNT0_IRQHandler
                0x00000000000001dc                USB_IRQHandler
                0x00000000000001dc                BURTC_IRQHandler
                0x00000000000001dc                PCNT1_IRQHandler
                0x00000000000001dc                ACMP0_IRQHandler
                0x00000000000001dc                USART0_RX_IRQHandler
                0x00000000000001dc                MemManage_Handler
                0x00000000000001dc                SVC_Handler
                0x00000000000001dc                DAC0_IRQHandler
                0x00000000000001dc                UART1_RX_IRQHandler
                0x00000000000001dc                CMU_IRQHandler
                0x00000000000001dc                EBI_IRQHandler
                0x00000000000001dc                LESENSE_IRQHandler
                0x00000000000001dc                GPIO_ODD_IRQHandler
                0x00000000000001dc                AES_IRQHandler
                0x00000000000001dc                VCMP_IRQHandler
                0x00000000000001dc                BusFault_Handler
                0x00000000000001dc                TIMER2_IRQHandler
                0x00000000000001dc                USART2_TX_IRQHandler
 .text.GetProdRev
                0x00000000000001e0       0x1c ./CMSIS/EFM32LG/system_efm32lg.o
 .text.SystemCoreClockGet
                0x00000000000001fc       0x34 ./CMSIS/EFM32LG/system_efm32lg.o
                0x00000000000001fc                SystemCoreClockGet
 .text.SystemMaxCoreClockGet
                0x0000000000000230       0x14 ./CMSIS/EFM32LG/system_efm32lg.o
                0x0000000000000230                SystemMaxCoreClockGet
 .text.SystemHFClockGet
                0x0000000000000244      0x100 ./CMSIS/EFM32LG/system_efm32lg.o
                0x0000000000000244                SystemHFClockGet
 .text.SystemHFXOClockGet
                0x0000000000000344       0x18 ./CMSIS/EFM32LG/system_efm32lg.o
                0x0000000000000344                SystemHFXOClockGet
 .text.SystemInit
                0x000000000000035c        0xc ./CMSIS/EFM32LG/system_efm32lg.o
                0x000000000000035c                SystemInit
 .text.SystemLFRCOClockGet
                0x0000000000000368       0x14 ./CMSIS/EFM32LG/system_efm32lg.o
                0x0000000000000368                SystemLFRCOClockGet
 .text.SystemULFRCOClockGet
                0x000000000000037c       0x14 ./CMSIS/EFM32LG/system_efm32lg.o
                0x000000000000037c                SystemULFRCOClockGet
 .text.SystemLFXOClockGet
                0x0000000000000390       0x18 ./CMSIS/EFM32LG/system_efm32lg.o
                0x0000000000000390                SystemLFXOClockGet
 .text.BUS_RegBitWrite
                0x00000000000003a8       0x2c ./emlib/em_cmu.o
 .text.BUS_RegBitRead
                0x00000000000003d4       0x2c ./emlib/em_cmu.o
 .text.CMU_DivToLog2
                0x0000000000000400       0x34 ./emlib/em_cmu.o
 .text.SYSTEM_GetProdRev
                0x0000000000000434       0x1c ./emlib/em_cmu.o
 .text.SYSTEM_GetFamily
                0x0000000000000450       0x20 ./emlib/em_cmu.o
 .text.maxFreqHfle
                0x0000000000000470       0x78 ./emlib/em_cmu.o
 .text.setHfLeConfig
                0x00000000000004e8       0x3c ./emlib/em_cmu.o
 .text.getHfLeConfig
                0x0000000000000524       0x2c ./emlib/em_cmu.o
 .text.auxClkGet
                0x0000000000000550       0xb0 ./emlib/em_cmu.o
 .text.dbgClkGet
                0x0000000000000600       0x40 ./emlib/em_cmu.o
 .text.flashWaitStateControl
                0x0000000000000640       0xb8 ./emlib/em_cmu.o
 .text.flashWaitStateMax
                0x00000000000006f8       0x14 ./emlib/em_cmu.o
 .text.lfClkGet
                0x000000000000070c       0xec ./emlib/em_cmu.o
 .text.syncReg  0x00000000000007f8       0x34 ./emlib/em_cmu.o
 .text.usbCClkGet
                0x000000000000082c       0x4c ./emlib/em_cmu.o
 .text.CMU_ClockDivSet
                0x0000000000000878      0x230 ./emlib/em_cmu.o
                0x0000000000000878                CMU_ClockDivSet
 .text.CMU_ClockEnable
                0x0000000000000aa8       0xd8 ./emlib/em_cmu.o
                0x0000000000000aa8                CMU_ClockEnable
 .text.CMU_ClockFreqGet
                0x0000000000000b80      0x1d8 ./emlib/em_cmu.o
                0x0000000000000b80                CMU_ClockFreqGet
 .text.CMU_ClockSelectGet
                0x0000000000000d58      0x15c ./emlib/em_cmu.o
                0x0000000000000d58                CMU_ClockSelectGet
 .text.CMU_ClockSelectSet
                0x0000000000000eb4      0x2b8 ./emlib/em_cmu.o
                0x0000000000000eb4                CMU_ClockSelectSet
 .text.CMU_OscillatorEnable
                0x000000000000116c       0xc0 ./emlib/em_cmu.o
                0x000000000000116c                CMU_OscillatorEnable
 .text.CORE_CriticalDisableIrq
                0x000000000000122c       0x10 ./emlib/em_core.o
                0x000000000000122c                CORE_CriticalDisableIrq
 .text.CORE_CriticalEnableIrq
                0x000000000000123c       0x10 ./emlib/em_core.o
                0x000000000000123c                CORE_CriticalEnableIrq
 .text.DMA_IRQHandler
                0x000000000000124c       0xd8 ./emlib/em_dma.o
                0x000000000000124c                DMA_IRQHandler
 .text.SystemCoreClockUpdate
                0x0000000000001324        0xc ./emlib/em_emu.o
 .text.CMU_Lock
                0x0000000000001330       0x18 ./emlib/em_emu.o
 .text.CMU_Unlock
                0x0000000000001348       0x1c ./emlib/em_emu.o
 .text.emuRestore
                0x0000000000001364       0xf0 ./emlib/em_emu.o
 .text.getErrataFixEmuE107En
                0x0000000000001454       0x64 ./emlib/em_emu.o
 .text.EMU_EnterEM2
                0x00000000000014b8       0x9c ./emlib/em_emu.o
                0x00000000000014b8                EMU_EnterEM2
 .text.EMU_EnterEM3
                0x0000000000001554       0xbc ./emlib/em_emu.o
                0x0000000000001554                EMU_EnterEM3
 .text.EMU_UpdateOscConfig
                0x0000000000001610       0x1c ./emlib/em_emu.o
                0x0000000000001610                EMU_UpdateOscConfig
 .text.GPIO_PinOutClear
                0x000000000000162c       0x58 ./emlib/em_gpio.o
 .text.GPIO_PinOutSet
                0x0000000000001684       0x58 ./emlib/em_gpio.o
 .text.GPIO_PinModeSet
                0x00000000000016dc      0x10c ./emlib/em_gpio.o
                0x00000000000016dc                GPIO_PinModeSet
 .text.LETIMER_CompareSet
                0x00000000000017e8       0x58 ./emlib/em_letimer.o
                0x00000000000017e8                LETIMER_CompareSet
 .text.LETIMER_Enable
                0x0000000000001840       0x2c ./emlib/em_letimer.o
                0x0000000000001840                LETIMER_Enable
 .text.LETIMER_Init
                0x000000000000186c       0xf0 ./emlib/em_letimer.o
                0x000000000000186c                LETIMER_Init
 .text.SYSTEM_ChipRevisionGet
                0x000000000000195c       0x74 ./emlib/em_system.o
                0x000000000000195c                SYSTEM_ChipRevisionGet
 .text.cmu_Setup
                0x00000000000019d0       0x38 ./mylib/LG_cmu.o
                0x00000000000019d0                cmu_Setup
 .text.NVIC_EnableIRQ
                0x0000000000001a08       0x30 ./mylib/LG_letimer.o
 .text.LETIMER_IntClear
                0x0000000000001a38       0x1c ./mylib/LG_letimer.o
 .text.LETIMER_IntEnable
                0x0000000000001a54       0x20 ./mylib/LG_letimer.o
 .text.calculate_LETIMER_LFXOPrescaler
                0x0000000000001a74       0x54 ./mylib/LG_letimer.o
                0x0000000000001a74                calculate_LETIMER_LFXOPrescaler
 .text.letimer_Setup
                0x0000000000001ac8       0xb8 ./mylib/LG_letimer.o
                0x0000000000001ac8                letimer_Setup
 .text.GPIO_PinOutClear
                0x0000000000001b80       0x58 ./mylib/board_led.o
 .text.GPIO_PinOutSet
                0x0000000000001bd8       0x58 ./mylib/board_led.o
 .text.LED_Init
                0x0000000000001c30       0x20 ./mylib/board_led.o
                0x0000000000001c30                LED_Init
 .text.LED_Off  0x0000000000001c50       0x34 ./mylib/board_led.o
                0x0000000000001c50                LED_Off
 .text.LED_On   0x0000000000001c84       0x34 ./mylib/board_led.o
                0x0000000000001c84                LED_On
 .text.EMU_EnterEM1
                0x0000000000001cb8       0x20 ./mylib/sleep.o
 .text.blockSleepMode
                0x0000000000001cd8       0x30 ./mylib/sleep.o
                0x0000000000001cd8                blockSleepMode
 .text.sleep    0x0000000000001d08       0x48 ./mylib/sleep.o
                0x0000000000001d08                sleep
 .text.LETIMER_IntClear
                0x0000000000001d50       0x1c ./src/LG_task.o
 .text.LETIMER_IntGet
                0x0000000000001d6c       0x18 ./src/LG_task.o
 .text.LG_systemInit
                0x0000000000001d84       0x24 ./src/LG_task.o
                0x0000000000001d84                LG_systemInit
 .text.LETIMER0_IRQHandler
                0x0000000000001da8       0x4c ./src/LG_task.o
                0x0000000000001da8                LETIMER0_IRQHandler
 .text.CHIP_Init
                0x0000000000001df4       0x40 ./src/main.o
 .text.main     0x0000000000001e34       0x14 ./src/main.o
                0x0000000000001e34                main
 .text          0x0000000000001e48      0x370 /Applications/Simplicity Studio.app/Contents/Eclipse/developer/toolchains/gnu_arm/4.9_2015q3/bin/../lib/gcc/arm-none-eabi/4.9.3/armv7-m/libgcc.a(_arm_addsubdf3.o)
                0x0000000000001e48                __aeabi_drsub
                0x0000000000001e50                __subdf3
                0x0000000000001e50                __aeabi_dsub
                0x0000000000001e54                __aeabi_dadd
                0x0000000000001e54                __adddf3
                0x00000000000020cc                __aeabi_ui2d
                0x00000000000020cc                __floatunsidf
                0x00000000000020ec                __floatsidf
                0x00000000000020ec                __aeabi_i2d
                0x0000000000002110                __extendsfdf2
                0x0000000000002110                __aeabi_f2d
                0x000000000000214c                __aeabi_ul2d
                0x000000000000214c                __floatundidf
                0x000000000000215c                __aeabi_l2d
                0x000000000000215c                __floatdidf
 .text          0x00000000000021b8      0x110 /Applications/Simplicity Studio.app/Contents/Eclipse/developer/toolchains/gnu_arm/4.9_2015q3/bin/../lib/gcc/arm-none-eabi/4.9.3/armv7-m/libgcc.a(_arm_cmpdf2.o)
                0x00000000000021b8                __gtdf2
                0x00000000000021b8                __gedf2
                0x00000000000021c0                __ltdf2
                0x00000000000021c0                __ledf2
                0x00000000000021c8                __eqdf2
                0x00000000000021c8                __nedf2
                0x00000000000021c8                __cmpdf2
                0x0000000000002244                __aeabi_cdrcmple
                0x0000000000002254                __aeabi_cdcmple
                0x0000000000002254                __aeabi_cdcmpeq
                0x0000000000002264                __aeabi_dcmpeq
                0x0000000000002278                __aeabi_dcmplt
                0x000000000000228c                __aeabi_dcmple
                0x00000000000022a0                __aeabi_dcmpge
                0x00000000000022b4                __aeabi_dcmpgt
 .text.exit     0x00000000000022c8       0x28 /Applications/Simplicity Studio.app/Contents/Eclipse/developer/toolchains/gnu_arm/4.9_2015q3/bin/../lib/gcc/arm-none-eabi/4.9.3/../../../../arm-none-eabi/lib/armv7-m/libc_nano.a(lib_a-exit.o)
                0x00000000000022c8                exit
 .text.__libc_init_array
                0x00000000000022f0       0x4c /Applications/Simplicity Studio.app/Contents/Eclipse/developer/toolchains/gnu_arm/4.9_2015q3/bin/../lib/gcc/arm-none-eabi/4.9.3/../../../../arm-none-eabi/lib/armv7-m/libc_nano.a(lib_a-init.o)
                0x00000000000022f0                __libc_init_array
 .text.memset   0x000000000000233c       0x10 /Applications/Simplicity Studio.app/Contents/Eclipse/developer/toolchains/gnu_arm/4.9_2015q3/bin/../lib/gcc/arm-none-eabi/4.9.3/../../../../arm-none-eabi/lib/armv7-m/libc_nano.a(lib_a-memset.o)
                0x000000000000233c                memset
 .text._exit    0x000000000000234c        0x4 /Applications/Simplicity Studio.app/Contents/Eclipse/developer/toolchains/gnu_arm/4.9_2015q3/bin/../lib/gcc/arm-none-eabi/4.9.3/../../../../arm-none-eabi/lib/armv7-m/libnosys.a(_exit.o)
                0x000000000000234c                _exit
 *(.init)
 .init          0x0000000000002350        0x4 /Applications/Simplicity Studio.app/Contents/Eclipse/developer/toolchains/gnu_arm/4.9_2015q3/bin/../lib/gcc/arm-none-eabi/4.9.3/armv7-m/crti.o
                0x0000000000002350                _init
 .init          0x0000000000002354        0x8 /Applications/Simplicity Studio.app/Contents/Eclipse/developer/toolchains/gnu_arm/4.9_2015q3/bin/../lib/gcc/arm-none-eabi/4.9.3/armv7-m/crtn.o
 *(.fini)
 .fini          0x000000000000235c        0x4 /Applications/Simplicity Studio.app/Contents/Eclipse/developer/toolchains/gnu_arm/4.9_2015q3/bin/../lib/gcc/arm-none-eabi/4.9.3/armv7-m/crti.o
                0x000000000000235c                _fini
 .fini          0x0000000000002360        0x8 /Applications/Simplicity Studio.app/Contents/Eclipse/developer/toolchains/gnu_arm/4.9_2015q3/bin/../lib/gcc/arm-none-eabi/4.9.3/armv7-m/crtn.o
 *crtbegin.o(.ctors)
 *crtbegin?.o(.ctors)
 *(EXCLUDE_FILE(*crtend.o *crtend?.o) .ctors)
 *(SORT(.ctors.*))
 *(.ctors)
 *crtbegin.o(.dtors)
 *crtbegin?.o(.dtors)
 *(EXCLUDE_FILE(*crtend.o *crtend?.o) .dtors)
 *(SORT(.dtors.*))
 *(.dtors)
 *(.rodata*)
 .rodata.led_Array
                0x0000000000002368        0x4 ./mylib/board_led.o
 .rodata.str1.1
                0x000000000000236c        0x2 /Applications/Simplicity Studio.app/Contents/Eclipse/developer/toolchains/gnu_arm/4.9_2015q3/bin/../lib/gcc/arm-none-eabi/4.9.3/../../../../arm-none-eabi/lib/armv7-m/libc_nano.a(lib_a-impure.o)
 *fill*         0x000000000000236e        0x2 
 .rodata._global_impure_ptr
                0x0000000000002370        0x4 /Applications/Simplicity Studio.app/Contents/Eclipse/developer/toolchains/gnu_arm/4.9_2015q3/bin/../lib/gcc/arm-none-eabi/4.9.3/../../../../arm-none-eabi/lib/armv7-m/libc_nano.a(lib_a-impure.o)
                0x0000000000002370                _global_impure_ptr
 *(.eh_frame*)
 .eh_frame      0x0000000000002374        0x0 /Applications/Simplicity Studio.app/Contents/Eclipse/developer/toolchains/gnu_arm/4.9_2015q3/bin/../lib/gcc/arm-none-eabi/4.9.3/armv7-m/crtbegin.o
 .eh_frame      0x0000000000002374        0x4 /Applications/Simplicity Studio.app/Contents/Eclipse/developer/toolchains/gnu_arm/4.9_2015q3/bin/../lib/gcc/arm-none-eabi/4.9.3/armv7-m/crtend.o

.glue_7         0x0000000000002378        0x0
 .glue_7        0x0000000000000000        0x0 linker stubs

.glue_7t        0x0000000000002378        0x0
 .glue_7t       0x0000000000000000        0x0 linker stubs

.vfp11_veneer   0x0000000000002378        0x0
 .vfp11_veneer  0x0000000000000000        0x0 linker stubs

.v4_bx          0x0000000000002378        0x0
 .v4_bx         0x0000000000000000        0x0 linker stubs

.iplt           0x0000000000002378        0x0
 .iplt          0x0000000000000000        0x0 /Applications/Simplicity Studio.app/Contents/Eclipse/developer/toolchains/gnu_arm/4.9_2015q3/bin/../lib/gcc/arm-none-eabi/4.9.3/armv7-m/crtbegin.o

.ARM.extab
 *(.ARM.extab* .gnu.linkonce.armextab.*)
                0x0000000000002378                __exidx_start = .

.ARM.exidx      0x0000000000002378        0x8
 *(.ARM.exidx* .gnu.linkonce.armexidx.*)
 .ARM.exidx     0x0000000000002378        0x8 /Applications/Simplicity Studio.app/Contents/Eclipse/developer/toolchains/gnu_arm/4.9_2015q3/bin/../lib/gcc/arm-none-eabi/4.9.3/../../../../arm-none-eabi/lib/armv7-m/crt0.o
                0x0000000000002380                __exidx_end = .
                0x0000000000002380                __etext = .

.rel.dyn        0x0000000000002380        0x0
 .rel.iplt      0x0000000000000000        0x0 /Applications/Simplicity Studio.app/Contents/Eclipse/developer/toolchains/gnu_arm/4.9_2015q3/bin/../lib/gcc/arm-none-eabi/4.9.3/armv7-m/crtbegin.o

.data           0x0000000020000000       0x7c load address 0x0000000000002380
                0x0000000020000000                __data_start__ = .
 *(vtable)
 *(.data*)
 .data.SystemHFXOClock
                0x0000000020000000        0x4 ./CMSIS/EFM32LG/system_efm32lg.o
 .data.SystemLFXOClock
                0x0000000020000004        0x4 ./CMSIS/EFM32LG/system_efm32lg.o
 .data.letimer0_comp0
                0x0000000020000008        0x4 ./mylib/LG_letimer.o
                0x0000000020000008                letimer0_comp0
 .data.letimer0_comp1
                0x000000002000000c        0x4 ./mylib/LG_letimer.o
                0x000000002000000c                letimer0_comp1
 .data.impure_data
                0x0000000020000010       0x60 /Applications/Simplicity Studio.app/Contents/Eclipse/developer/toolchains/gnu_arm/4.9_2015q3/bin/../lib/gcc/arm-none-eabi/4.9.3/../../../../arm-none-eabi/lib/armv7-m/libc_nano.a(lib_a-impure.o)
                0x0000000020000070                . = ALIGN (0x4)
 *(.ram)
                0x0000000020000070                . = ALIGN (0x4)
                0x0000000020000070                PROVIDE (__preinit_array_start, .)
 *(.preinit_array)
                0x0000000020000070                PROVIDE (__preinit_array_end, .)
                0x0000000020000070                . = ALIGN (0x4)
                0x0000000020000070                PROVIDE (__init_array_start, .)
 *(SORT(.init_array.*))
 *(.init_array)
 .init_array    0x0000000020000070        0x4 /Applications/Simplicity Studio.app/Contents/Eclipse/developer/toolchains/gnu_arm/4.9_2015q3/bin/../lib/gcc/arm-none-eabi/4.9.3/armv7-m/crtbegin.o
                0x0000000020000074                PROVIDE (__init_array_end, .)
                0x0000000020000074                . = ALIGN (0x4)
                0x0000000020000074                PROVIDE (__fini_array_start, .)
 *(SORT(.fini_array.*))
 *(.fini_array)
 .fini_array    0x0000000020000074        0x4 /Applications/Simplicity Studio.app/Contents/Eclipse/developer/toolchains/gnu_arm/4.9_2015q3/bin/../lib/gcc/arm-none-eabi/4.9.3/armv7-m/crtbegin.o
                0x0000000020000078                PROVIDE (__fini_array_end, .)
 *(.jcr*)
 .jcr           0x0000000020000078        0x0 /Applications/Simplicity Studio.app/Contents/Eclipse/developer/toolchains/gnu_arm/4.9_2015q3/bin/../lib/gcc/arm-none-eabi/4.9.3/armv7-m/crtbegin.o
 .jcr           0x0000000020000078        0x4 /Applications/Simplicity Studio.app/Contents/Eclipse/developer/toolchains/gnu_arm/4.9_2015q3/bin/../lib/gcc/arm-none-eabi/4.9.3/armv7-m/crtend.o
                0x000000002000007c                . = ALIGN (0x4)
                0x000000002000007c                __data_end__ = .

.igot.plt       0x000000002000007c        0x0 load address 0x00000000000023fc
 .igot.plt      0x0000000000000000        0x0 /Applications/Simplicity Studio.app/Contents/Eclipse/developer/toolchains/gnu_arm/4.9_2015q3/bin/../lib/gcc/arm-none-eabi/4.9.3/armv7-m/crtbegin.o

.bss            0x000000002000007c       0x28 load address 0x00000000000023fc
                0x000000002000007c                . = ALIGN (0x4)
                0x000000002000007c                __bss_start__ = .
 *(.bss*)
 .bss           0x000000002000007c       0x1c /Applications/Simplicity Studio.app/Contents/Eclipse/developer/toolchains/gnu_arm/4.9_2015q3/bin/../lib/gcc/arm-none-eabi/4.9.3/armv7-m/crtbegin.o
 .bss.cmuStatus
                0x0000000020000098        0x4 ./emlib/em_emu.o
 .bss.sleep_block_counter
                0x000000002000009c        0x3 ./mylib/sleep.o
                0x000000002000009c                sleep_block_counter
 *(COMMON)
 *fill*         0x000000002000009f        0x1 
 COMMON         0x00000000200000a0        0x4 ./CMSIS/EFM32LG/system_efm32lg.o
                0x00000000200000a0                SystemCoreClock
                0x00000000200000a4                . = ALIGN (0x4)
                0x00000000200000a4                __bss_end__ = .

.heap           0x00000000200000a8      0xc00
                0x00000000200000a8                __HeapBase = .
                0x00000000200000a8                __end__ = .
                0x00000000200000a8                end = __end__
                0x00000000200000a8                _end = __end__
 *(.heap*)
 .heap          0x00000000200000a8      0xc00 ./CMSIS/EFM32LG/startup_gcc_efm32lg.o
                0x0000000020000ca8                __HeapLimit = .

.stack_dummy    0x00000000200000a8      0x400
 *(.stack*)
 .stack         0x00000000200000a8      0x400 ./CMSIS/EFM32LG/startup_gcc_efm32lg.o
                0x0000000020008000                __StackTop = (ORIGIN (RAM) + 0x8000)
                0x0000000020007c00                __StackLimit = (__StackTop - SIZEOF (.stack_dummy))
                0x0000000020008000                PROVIDE (__stack, __StackTop)
                0x0000000000000001                ASSERT ((__StackLimit >= __HeapLimit), region RAM overflowed with stack)
                0x0000000000000001                ASSERT ((0x40000 >= (__etext + SIZEOF (.data))), FLASH memory overflowed !)
OUTPUT(CAETE.axf elf32-littlearm)

.ARM.attributes
                0x0000000000000000       0x29
 .ARM.attributes
                0x0000000000000000       0x1d /Applications/Simplicity Studio.app/Contents/Eclipse/developer/toolchains/gnu_arm/4.9_2015q3/bin/../lib/gcc/arm-none-eabi/4.9.3/armv7-m/crti.o
 .ARM.attributes
                0x000000000000001d       0x2d /Applications/Simplicity Studio.app/Contents/Eclipse/developer/toolchains/gnu_arm/4.9_2015q3/bin/../lib/gcc/arm-none-eabi/4.9.3/armv7-m/crtbegin.o
 .ARM.attributes
                0x000000000000004a       0x1b /Applications/Simplicity Studio.app/Contents/Eclipse/developer/toolchains/gnu_arm/4.9_2015q3/bin/../lib/gcc/arm-none-eabi/4.9.3/../../../../arm-none-eabi/lib/armv7-m/crt0.o
 .ARM.attributes
                0x0000000000000065       0x1b ./CMSIS/EFM32LG/startup_gcc_efm32lg.o
 .ARM.attributes
                0x0000000000000080       0x33 ./CMSIS/EFM32LG/system_efm32lg.o
 .ARM.attributes
                0x00000000000000b3       0x33 ./emlib/em_cmu.o
 .ARM.attributes
                0x00000000000000e6       0x33 ./emlib/em_core.o
 .ARM.attributes
                0x0000000000000119       0x33 ./emlib/em_dma.o
 .ARM.attributes
                0x000000000000014c       0x33 ./emlib/em_emu.o
 .ARM.attributes
                0x000000000000017f       0x33 ./emlib/em_gpio.o
 .ARM.attributes
                0x00000000000001b2       0x33 ./emlib/em_letimer.o
 .ARM.attributes
                0x00000000000001e5       0x33 ./emlib/em_system.o
 .ARM.attributes
                0x0000000000000218       0x33 ./mylib/LG_cmu.o
 .ARM.attributes
                0x000000000000024b       0x33 ./mylib/LG_letimer.o
 .ARM.attributes
                0x000000000000027e       0x33 ./mylib/board_led.o
 .ARM.attributes
                0x00000000000002b1       0x33 ./mylib/sleep.o
 .ARM.attributes
                0x00000000000002e4       0x33 ./src/LG_task.o
 .ARM.attributes
                0x0000000000000317       0x33 ./src/main.o
 .ARM.attributes
                0x000000000000034a       0x1d /Applications/Simplicity Studio.app/Contents/Eclipse/developer/toolchains/gnu_arm/4.9_2015q3/bin/../lib/gcc/arm-none-eabi/4.9.3/armv7-m/libgcc.a(_arm_addsubdf3.o)
 .ARM.attributes
                0x0000000000000367       0x1d /Applications/Simplicity Studio.app/Contents/Eclipse/developer/toolchains/gnu_arm/4.9_2015q3/bin/../lib/gcc/arm-none-eabi/4.9.3/armv7-m/libgcc.a(_arm_cmpdf2.o)
 .ARM.attributes
                0x0000000000000384       0x2d /Applications/Simplicity Studio.app/Contents/Eclipse/developer/toolchains/gnu_arm/4.9_2015q3/bin/../lib/gcc/arm-none-eabi/4.9.3/../../../../arm-none-eabi/lib/armv7-m/libc_nano.a(lib_a-exit.o)
 .ARM.attributes
                0x00000000000003b1       0x2d /Applications/Simplicity Studio.app/Contents/Eclipse/developer/toolchains/gnu_arm/4.9_2015q3/bin/../lib/gcc/arm-none-eabi/4.9.3/../../../../arm-none-eabi/lib/armv7-m/libc_nano.a(lib_a-impure.o)
 .ARM.attributes
                0x00000000000003de       0x2d /Applications/Simplicity Studio.app/Contents/Eclipse/developer/toolchains/gnu_arm/4.9_2015q3/bin/../lib/gcc/arm-none-eabi/4.9.3/../../../../arm-none-eabi/lib/armv7-m/libc_nano.a(lib_a-init.o)
 .ARM.attributes
                0x000000000000040b       0x2d /Applications/Simplicity Studio.app/Contents/Eclipse/developer/toolchains/gnu_arm/4.9_2015q3/bin/../lib/gcc/arm-none-eabi/4.9.3/../../../../arm-none-eabi/lib/armv7-m/libc_nano.a(lib_a-memset.o)
 .ARM.attributes
                0x0000000000000438       0x2d /Applications/Simplicity Studio.app/Contents/Eclipse/developer/toolchains/gnu_arm/4.9_2015q3/bin/../lib/gcc/arm-none-eabi/4.9.3/../../../../arm-none-eabi/lib/armv7-m/libnosys.a(_exit.o)
 .ARM.attributes
                0x0000000000000465       0x2d /Applications/Simplicity Studio.app/Contents/Eclipse/developer/toolchains/gnu_arm/4.9_2015q3/bin/../lib/gcc/arm-none-eabi/4.9.3/armv7-m/crtend.o
 .ARM.attributes
                0x0000000000000492       0x1d /Applications/Simplicity Studio.app/Contents/Eclipse/developer/toolchains/gnu_arm/4.9_2015q3/bin/../lib/gcc/arm-none-eabi/4.9.3/armv7-m/crtn.o

.comment        0x0000000000000000       0x70
 .comment       0x0000000000000000       0x70 ./CMSIS/EFM32LG/system_efm32lg.o
                                         0x71 (size before relaxing)
 .comment       0x0000000000000000       0x71 ./emlib/em_cmu.o
 .comment       0x0000000000000000       0x71 ./emlib/em_core.o
 .comment       0x0000000000000000       0x71 ./emlib/em_dma.o
 .comment       0x0000000000000000       0x71 ./emlib/em_emu.o
 .comment       0x0000000000000000       0x71 ./emlib/em_gpio.o
 .comment       0x0000000000000000       0x71 ./emlib/em_letimer.o
 .comment       0x0000000000000000       0x71 ./emlib/em_system.o
 .comment       0x0000000000000000       0x71 ./mylib/LG_cmu.o
 .comment       0x0000000000000000       0x71 ./mylib/LG_letimer.o
 .comment       0x0000000000000000       0x71 ./mylib/board_led.o
 .comment       0x0000000000000000       0x71 ./mylib/sleep.o
 .comment       0x0000000000000000       0x71 ./src/LG_task.o
 .comment       0x0000000000000000       0x71 ./src/main.o

.debug_line     0x0000000000000000     0x3d30
 .debug_line    0x0000000000000000       0x72 ./CMSIS/EFM32LG/startup_gcc_efm32lg.o
 .debug_line    0x0000000000000072      0x366 ./CMSIS/EFM32LG/system_efm32lg.o
 .debug_line    0x00000000000003d8      0xa5c ./emlib/em_cmu.o
 .debug_line    0x0000000000000e34      0x639 ./emlib/em_core.o
 .debug_line    0x000000000000146d      0x5cc ./emlib/em_dma.o
 .debug_line    0x0000000000001a39      0x593 ./emlib/em_emu.o
 .debug_line    0x0000000000001fcc      0x4b7 ./emlib/em_gpio.o
 .debug_line    0x0000000000002483      0x3ed ./emlib/em_letimer.o
 .debug_line    0x0000000000002870      0x30a ./emlib/em_system.o
 .debug_line    0x0000000000002b7a      0x245 ./mylib/LG_cmu.o
 .debug_line    0x0000000000002dbf      0x369 ./mylib/LG_letimer.o
 .debug_line    0x0000000000003128      0x3cb ./mylib/board_led.o
 .debug_line    0x00000000000034f3      0x2a3 ./mylib/sleep.o
 .debug_line    0x0000000000003796      0x31e ./src/LG_task.o
 .debug_line    0x0000000000003ab4      0x27c ./src/main.o

.debug_info     0x0000000000000000     0x6bb0
 .debug_info    0x0000000000000000       0x9b ./CMSIS/EFM32LG/startup_gcc_efm32lg.o
 .debug_info    0x000000000000009b      0x582 ./CMSIS/EFM32LG/system_efm32lg.o
 .debug_info    0x000000000000061d     0x13bd ./emlib/em_cmu.o
 .debug_info    0x00000000000019da      0xcfe ./emlib/em_core.o
 .debug_info    0x00000000000026d8     0x12e9 ./emlib/em_dma.o
 .debug_info    0x00000000000039c1      0xdb2 ./emlib/em_emu.o
 .debug_info    0x0000000000004773      0x65e ./emlib/em_gpio.o
 .debug_info    0x0000000000004dd1      0x523 ./emlib/em_letimer.o
 .debug_info    0x00000000000052f4      0x26d ./emlib/em_system.o
 .debug_info    0x0000000000005561      0x266 ./mylib/LG_cmu.o
 .debug_info    0x00000000000057c7      0x829 ./mylib/LG_letimer.o
 .debug_info    0x0000000000005ff0      0x488 ./mylib/board_led.o
 .debug_info    0x0000000000006478      0x358 ./mylib/sleep.o
 .debug_info    0x00000000000067d0      0x278 ./src/LG_task.o
 .debug_info    0x0000000000006a48      0x168 ./src/main.o

.debug_abbrev   0x0000000000000000     0x162e
 .debug_abbrev  0x0000000000000000       0x14 ./CMSIS/EFM32LG/startup_gcc_efm32lg.o
 .debug_abbrev  0x0000000000000014      0x16d ./CMSIS/EFM32LG/system_efm32lg.o
 .debug_abbrev  0x0000000000000181      0x2e0 ./emlib/em_cmu.o
 .debug_abbrev  0x0000000000000461      0x239 ./emlib/em_core.o
 .debug_abbrev  0x000000000000069a      0x23b ./emlib/em_dma.o
 .debug_abbrev  0x00000000000008d5      0x254 ./emlib/em_emu.o
 .debug_abbrev  0x0000000000000b29      0x1cf ./emlib/em_gpio.o
 .debug_abbrev  0x0000000000000cf8      0x1a3 ./emlib/em_letimer.o
 .debug_abbrev  0x0000000000000e9b       0xe0 ./emlib/em_system.o
 .debug_abbrev  0x0000000000000f7b       0x8c ./mylib/LG_cmu.o
 .debug_abbrev  0x0000000000001007      0x1c8 ./mylib/LG_letimer.o
 .debug_abbrev  0x00000000000011cf      0x158 ./mylib/board_led.o
 .debug_abbrev  0x0000000000001327      0x12a ./mylib/sleep.o
 .debug_abbrev  0x0000000000001451      0x120 ./src/LG_task.o
 .debug_abbrev  0x0000000000001571       0xbd ./src/main.o

.debug_aranges  0x0000000000000000      0x670
 .debug_aranges
                0x0000000000000000       0x20 ./CMSIS/EFM32LG/startup_gcc_efm32lg.o
 .debug_aranges
                0x0000000000000020       0x70 ./CMSIS/EFM32LG/system_efm32lg.o
 .debug_aranges
                0x0000000000000090      0x168 ./emlib/em_cmu.o
 .debug_aranges
                0x00000000000001f8       0xe8 ./emlib/em_core.o
 .debug_aranges
                0x00000000000002e0       0xc0 ./emlib/em_dma.o
 .debug_aranges
                0x00000000000003a0       0xa8 ./emlib/em_emu.o
 .debug_aranges
                0x0000000000000448       0x70 ./emlib/em_gpio.o
 .debug_aranges
                0x00000000000004b8       0x58 ./emlib/em_letimer.o
 .debug_aranges
                0x0000000000000510       0x28 ./emlib/em_system.o
 .debug_aranges
                0x0000000000000538       0x20 ./mylib/LG_cmu.o
 .debug_aranges
                0x0000000000000558       0x40 ./mylib/LG_letimer.o
 .debug_aranges
                0x0000000000000598       0x40 ./mylib/board_led.o
 .debug_aranges
                0x00000000000005d8       0x38 ./mylib/sleep.o
 .debug_aranges
                0x0000000000000610       0x38 ./src/LG_task.o
 .debug_aranges
                0x0000000000000648       0x28 ./src/main.o

.debug_loc      0x0000000000000000     0x3344
 .debug_loc     0x0000000000000000      0x31c ./CMSIS/EFM32LG/system_efm32lg.o
 .debug_loc     0x000000000000031c      0xd50 ./emlib/em_cmu.o
 .debug_loc     0x000000000000106c      0x88c ./emlib/em_core.o
 .debug_loc     0x00000000000018f8      0x72c ./emlib/em_dma.o
 .debug_loc     0x0000000000002024      0x5a0 ./emlib/em_emu.o
 .debug_loc     0x00000000000025c4      0x3d0 ./emlib/em_gpio.o
 .debug_loc     0x0000000000002994      0x2d4 ./emlib/em_letimer.o
 .debug_loc     0x0000000000002c68       0xb8 ./emlib/em_system.o
 .debug_loc     0x0000000000002d20       0x2c ./mylib/LG_cmu.o
 .debug_loc     0x0000000000002d4c      0x1b4 ./mylib/LG_letimer.o
 .debug_loc     0x0000000000002f00      0x184 ./mylib/board_led.o
 .debug_loc     0x0000000000003084      0x110 ./mylib/sleep.o
 .debug_loc     0x0000000000003194      0x134 ./src/LG_task.o
 .debug_loc     0x00000000000032c8       0x7c ./src/main.o

.debug_ranges   0x0000000000000000      0x570
 .debug_ranges  0x0000000000000000       0x60 ./CMSIS/EFM32LG/system_efm32lg.o
 .debug_ranges  0x0000000000000060      0x158 ./emlib/em_cmu.o
 .debug_ranges  0x00000000000001b8       0xd8 ./emlib/em_core.o
 .debug_ranges  0x0000000000000290       0xb0 ./emlib/em_dma.o
 .debug_ranges  0x0000000000000340       0x98 ./emlib/em_emu.o
 .debug_ranges  0x00000000000003d8       0x60 ./emlib/em_gpio.o
 .debug_ranges  0x0000000000000438       0x48 ./emlib/em_letimer.o
 .debug_ranges  0x0000000000000480       0x18 ./emlib/em_system.o
 .debug_ranges  0x0000000000000498       0x10 ./mylib/LG_cmu.o
 .debug_ranges  0x00000000000004a8       0x30 ./mylib/LG_letimer.o
 .debug_ranges  0x00000000000004d8       0x30 ./mylib/board_led.o
 .debug_ranges  0x0000000000000508       0x28 ./mylib/sleep.o
 .debug_ranges  0x0000000000000530       0x28 ./src/LG_task.o
 .debug_ranges  0x0000000000000558       0x18 ./src/main.o

.debug_str      0x0000000000000000     0x28ee
 .debug_str     0x0000000000000000      0x42d ./CMSIS/EFM32LG/system_efm32lg.o
                                        0x4b4 (size before relaxing)
 .debug_str     0x000000000000042d      0xc18 ./emlib/em_cmu.o
                                        0xfc8 (size before relaxing)
 .debug_str     0x0000000000001045      0x608 ./emlib/em_core.o
                                        0x84b (size before relaxing)
 .debug_str     0x000000000000164d      0x606 ./emlib/em_dma.o
                                        0xd84 (size before relaxing)
 .debug_str     0x0000000000001c53      0x42b ./emlib/em_emu.o
                                        0x858 (size before relaxing)
 .debug_str     0x000000000000207e      0x3bb ./emlib/em_gpio.o
                                        0x5fb (size before relaxing)
 .debug_str     0x0000000000002439      0x214 ./emlib/em_letimer.o
                                        0x447 (size before relaxing)
 .debug_str     0x000000000000264d       0xac ./emlib/em_system.o
                                        0x2df (size before relaxing)
 .debug_str     0x00000000000026f9       0x1c ./mylib/LG_cmu.o
                                        0x4ed (size before relaxing)
 .debug_str     0x0000000000002715       0xc1 ./mylib/LG_letimer.o
                                        0x978 (size before relaxing)
 .debug_str     0x00000000000027d6       0x4d ./mylib/board_led.o
                                        0x4d0 (size before relaxing)
 .debug_str     0x0000000000002823       0x5b ./mylib/sleep.o
                                        0x2c8 (size before relaxing)
 .debug_str     0x000000000000287e       0x4b ./src/LG_task.o
                                        0x2a4 (size before relaxing)
 .debug_str     0x00000000000028c9       0x25 ./src/main.o
                                        0x24e (size before relaxing)

.debug_frame    0x0000000000000000     0x18ac
 .debug_frame   0x0000000000000000      0x180 ./CMSIS/EFM32LG/system_efm32lg.o
 .debug_frame   0x0000000000000180      0x630 ./emlib/em_cmu.o
 .debug_frame   0x00000000000007b0      0x3dc ./emlib/em_core.o
 .debug_frame   0x0000000000000b8c      0x340 ./emlib/em_dma.o
 .debug_frame   0x0000000000000ecc      0x29c ./emlib/em_emu.o
 .debug_frame   0x0000000000001168      0x1c0 ./emlib/em_gpio.o
 .debug_frame   0x0000000000001328      0x14c ./emlib/em_letimer.o
 .debug_frame   0x0000000000001474       0x60 ./emlib/em_system.o
 .debug_frame   0x00000000000014d4       0x2c ./mylib/LG_cmu.o
 .debug_frame   0x0000000000001500       0xd0 ./mylib/LG_letimer.o
 .debug_frame   0x00000000000015d0       0xc4 ./mylib/board_led.o
 .debug_frame   0x0000000000001694       0x94 ./mylib/sleep.o
 .debug_frame   0x0000000000001728       0xa0 ./src/LG_task.o
 .debug_frame   0x00000000000017c8       0x50 ./src/main.o
 .debug_frame   0x0000000000001818       0x28 /Applications/Simplicity Studio.app/Contents/Eclipse/developer/toolchains/gnu_arm/4.9_2015q3/bin/../lib/gcc/arm-none-eabi/4.9.3/../../../../arm-none-eabi/lib/armv7-m/libc_nano.a(lib_a-exit.o)
 .debug_frame   0x0000000000001840       0x2c /Applications/Simplicity Studio.app/Contents/Eclipse/developer/toolchains/gnu_arm/4.9_2015q3/bin/../lib/gcc/arm-none-eabi/4.9.3/../../../../arm-none-eabi/lib/armv7-m/libc_nano.a(lib_a-init.o)
 .debug_frame   0x000000000000186c       0x20 /Applications/Simplicity Studio.app/Contents/Eclipse/developer/toolchains/gnu_arm/4.9_2015q3/bin/../lib/gcc/arm-none-eabi/4.9.3/../../../../arm-none-eabi/lib/armv7-m/libc_nano.a(lib_a-memset.o)
 .debug_frame   0x000000000000188c       0x20 /Applications/Simplicity Studio.app/Contents/Eclipse/developer/toolchains/gnu_arm/4.9_2015q3/bin/../lib/gcc/arm-none-eabi/4.9.3/../../../../arm-none-eabi/lib/armv7-m/libnosys.a(_exit.o)
